#TradeId,Date,Time,EPE,ENE,AllocatedEPE,AllocatedENE,PFE,BaselEE,BaselEEE
BermSwp,2016-02-05,0.000000,51260,0,0,0,51260,51260,51260
BermSwp,2016-05-06,0.248634,51394,0,0,0,61300,51654,51654
BermSwp,2016-08-05,0.497268,50822,0,0,0,69869,51336,51654
BermSwp,2016-11-07,0.754098,50850,0,0,0,68258,51630,51654
BermSwp,2017-02-06,1.003002,50637,0,0,0,72451,51669,51669
BermSwp,2017-05-05,1.244098,50280,0,0,0,79908,51556,51669
BermSwp,2017-08-07,1.501632,49589,0,0,0,82263,51111,51669
BermSwp,2017-11-06,1.750947,49320,0,0,0,84019,51089,51669
BermSwp,2018-02-05,2.000262,49216,0,0,0,85254,51235,51669
BermSwp,2018-05-08,2.252317,48987,0,0,0,87998,51255,51669
BermSwp,2018-08-06,2.498892,48732,0,0,0,93199,51242,51669
BermSwp,2018-11-05,2.748207,48310,0,0,0,98204,51053,51669
BermSwp,2019-02-05,3.000262,48090,0,0,0,91391,51078,51669
BermSwp,2019-05-07,3.249577,48178,0,0,0,104519,51428,51669
BermSwp,2019-08-05,3.496152,48249,0,0,0,107311,51760,51760
BermSwp,2019-11-05,3.748207,48289,0,0,0,86571,52066,52066
BermSwp,2020-02-05,4.000000,48273,0,0,0,92826,52312,52312
BermSwp,2020-05-05,4.245902,47636,0,0,0,87222,51879,52312
BermSwp,2020-08-05,4.497268,47756,0,0,0,99775,52273,52312
BermSwp,2020-11-05,4.748634,47711,0,0,0,103068,52488,52488
BermSwp,2021-02-05,5.000262,48601,0,0,0,125607,53739,53739
BermSwp,2021-05-05,5.244098,48503,0,0,0,129009,53894,53894
BermSwp,2021-08-05,5.496152,48046,0,0,0,122521,53656,53894
BermSwp,2021-11-05,5.748207,48310,0,0,0,120567,54225,54225
BermSwp,2022-02-07,6.005741,48684,0,0,0,125207,54928,54928
BermSwp,2022-05-05,6.244098,49967,0,0,0,137569,56646,56646
BermSwp,2022-08-05,6.496152,49657,0,0,0,136199,56580,56646
BermSwp,2022-11-07,6.753687,48625,0,0,0,119075,55691,56646
BermSwp,2023-02-06,7.003002,48274,0,0,0,120442,55566,56646
BermSwp,2023-05-05,7.244098,47063,0,0,0,122393,54435,56646
BermSwp,2023-08-07,7.501632,47408,0,0,0,151419,55119,56646
BermSwp,2023-11-06,7.750947,46927,0,0,0,129787,54833,56646
BermSwp,2024-02-05,8.000000,47026,0,0,0,134283,55224,56646
BermSwp,2024-05-07,8.251366,47571,0,0,0,131732,56148,56646
BermSwp,2024-08-05,8.497268,46399,0,0,0,138981,55037,56646
BermSwp,2024-11-05,8.748634,46799,0,0,0,127943,55792,56646
BermSwp,2025-02-05,9.000262,47093,0,0,0,132513,56428,56646
BermSwp,2025-05-06,9.246837,47640,0,0,0,145889,57367,57367
BermSwp,2025-08-05,9.496152,47803,13,0,0,135036,57852,57852
BermSwp,2025-11-05,9.748207,47813,56,0,0,148135,58158,58158
BermSwp,2026-02-05,10.000262,49164,107,0,0,172521,60104,60104
BermSwp,2026-05-05,10.244098,49317,125,0,0,173204,60587,60587
BermSwp,2026-08-05,10.496152,50018,191,0,0,177461,61760,61760
BermSwp,2026-11-05,10.748207,48991,286,0,0,163744,60798,61760
BermSwp,2027-02-05,11.000262,48355,405,0,0,171749,60314,61760
BermSwp,2027-05-05,11.244098,43679,381,0,0,162795,54748,61760
BermSwp,2027-08-05,11.496152,44367,578,0,0,166958,55893,61760
BermSwp,2027-11-05,11.748207,45675,626,0,0,173036,57833,61760
BermSwp,2028-02-07,12.005464,45373,946,0,0,180607,57748,61760
BermSwp,2028-05-05,12.245902,40293,822,0,0,160722,51531,61760
BermSwp,2028-08-07,12.502732,40189,1038,0,0,150605,51665,61760
BermSwp,2028-11-06,12.751366,41829,1117,0,0,132506,54043,61760
BermSwp,2029-02-05,13.000262,41354,1304,0,0,134874,53697,61760
BermSwp,2029-05-08,13.252317,35982,1134,0,0,122899,46959,61760
BermSwp,2029-08-06,13.498892,35963,1466,0,0,110990,47167,61760
BermSwp,2029-11-05,13.748207,36970,1519,0,0,117676,48731,61760
BermSwp,2030-02-05,14.000262,38037,1488,0,0,119834,50391,61760
BermSwp,2030-05-07,14.249577,32292,1420,0,0,115834,42996,61760
BermSwp,2030-08-05,14.496152,32223,1581,0,0,124886,43117,61760
BermSwp,2030-11-05,14.748207,32239,1276,0,0,118985,43356,61760
BermSwp,2031-02-05,15.000262,34048,1632,0,0,116274,46022,61760
BermSwp,2031-05-06,15.246837,27036,1806,0,0,95842,36725,61760
BermSwp,2031-08-05,15.496152,27057,2048,0,0,107279,36938,61760
BermSwp,2031-11-05,15.748207,27961,1630,0,0,106404,38366,61760
BermSwp,2032-02-05,16.000000,28062,1622,0,0,99794,38700,61760
BermSwp,2032-05-05,16.245902,21375,1772,0,0,87424,29624,61760
BermSwp,2032-08-05,16.497268,21605,1940,0,0,85907,30095,61760
BermSwp,2032-11-05,16.748634,23358,1259,0,0,86468,32702,61760
BermSwp,2033-02-07,17.005741,22955,1338,0,0,82424,32304,61760
BermSwp,2033-05-05,17.244098,16051,1520,0,0,62053,22696,61760
BermSwp,2033-08-05,17.496152,15983,1660,0,0,58982,22715,61760
BermSwp,2033-11-07,17.753687,17107,1008,0,0,57353,24438,61760
BermSwp,2034-02-06,18.003002,17073,966,0,0,60288,24513,61760
BermSwp,2034-05-05,18.244098,10826,1258,0,0,36673,15618,61760
BermSwp,2034-08-07,18.501632,10995,1368,0,0,37556,15944,61760
BermSwp,2034-11-06,18.750947,11840,630,0,0,37950,17257,61760
BermSwp,2035-02-05,19.000262,11664,666,0,0,32229,17085,61760
BermSwp,2035-05-08,19.252317,5134,801,0,0,20371,7559,61760
BermSwp,2035-08-06,19.498892,4905,765,0,0,20444,7257,61760
BermSwp,2035-11-05,19.748207,6611,105,0,0,17254,9830,61760
BermSwp,2036-02-05,20.000000,6671,100,0,0,17240,9970,61760
BermSwp,2036-05-06,20.248634,0,0,0,0,0,0,61760
BermSwp,2036-08-05,20.497268,0,0,0,0,0,0,61760
BermSwp,2036-11-05,20.748634,0,0,0,0,0,0,61760
BermSwp,2037-02-05,21.000262,0,0,0,0,0,0,61760
BermSwp,2037-05-05,21.244098,0,0,0,0,0,0,61760
BermSwp,2037-08-05,21.496152,0,0,0,0,0,0,61760
BermSwp,2037-11-05,21.748207,0,0,0,0,0,0,61760
BermSwp,2038-02-05,22.000262,0,0,0,0,0,0,61760
BermSwp,2038-05-05,22.244098,0,0,0,0,0,0,61760
BermSwp,2038-08-05,22.496152,0,0,0,0,0,0,61760
BermSwp,2038-11-05,22.748207,0,0,0,0,0,0,61760
BermSwp,2039-02-07,23.005741,0,0,0,0,0,0,61760
BermSwp,2039-05-05,23.244098,0,0,0,0,0,0,61760
BermSwp,2039-08-05,23.496152,0,0,0,0,0,0,61760
BermSwp,2039-11-07,23.753687,0,0,0,0,0,0,61760
BermSwp,2040-02-06,24.002732,0,0,0,0,0,0,61760
BermSwp,2040-05-08,24.254098,0,0,0,0,0,0,61760
BermSwp,2040-08-06,24.500000,0,0,0,0,0,0,61760
BermSwp,2040-11-05,24.748634,0,0,0,0,0,0,61760
BermSwp,2041-02-05,25.000262,0,0,0,0,0,0,61760
BermSwp,2041-05-07,25.249577,0,0,0,0,0,0,61760
BermSwp,2041-08-05,25.496152,0,0,0,0,0,0,61760
BermSwp,2041-11-05,25.748207,0,0,0,0,0,0,61760
BermSwp,2042-02-05,26.000262,0,0,0,0,0,0,61760
BermSwp,2042-05-06,26.246837,0,0,0,0,0,0,61760
BermSwp,2042-08-05,26.496152,0,0,0,0,0,0,61760
BermSwp,2042-11-05,26.748207,0,0,0,0,0,0,61760
BermSwp,2043-02-05,27.000262,0,0,0,0,0,0,61760
BermSwp,2043-05-05,27.244098,0,0,0,0,0,0,61760
BermSwp,2043-08-05,27.496152,0,0,0,0,0,0,61760
BermSwp,2043-11-05,27.748207,0,0,0,0,0,0,61760
BermSwp,2044-02-05,28.000000,0,0,0,0,0,0,61760
BermSwp,2044-05-05,28.245902,0,0,0,0,0,0,61760
BermSwp,2044-08-05,28.497268,0,0,0,0,0,0,61760
BermSwp,2044-11-07,28.754098,0,0,0,0,0,0,61760
BermSwp,2045-02-06,29.003002,0,0,0,0,0,0,61760
BermSwp,2045-05-05,29.244098,0,0,0,0,0,0,61760
BermSwp,2045-08-07,29.501632,0,0,0,0,0,0,61760
BermSwp,2045-11-06,29.750947,0,0,0,0,0,0,61760
BermSwp,2046-02-05,30.000262,0,0,0,0,0,0,61760
