#TradeId,Type,CashflowNo,LegNo,PayDate,FlowType,Amount,Currency,Coupon,Accrual,AccrualStartDate,AccrualEndDate,AccruedAmount,fixingDate,fixingValue,Notional,DiscountFactor,PresentValue
swap_01,Swap,1,0,2016-04-28,Interest,15250.0000,EUR,0.0300000000,0.5083333333,2015-10-28,2016-04-28,8333.3333,#N/A,#N/A,1000000.0000,1.0005089652,15257.7617194783
swap_01,Swap,2,0,2016-10-28,Interest,15250.0000,EUR,0.0300000000,0.5083333333,2016-04-28,2016-10-28,0.0000,#N/A,#N/A,1000000.0000,1.0021811279,15283.2622009247
swap_01,Swap,3,0,2017-04-28,Interest,15166.6667,EUR,0.0300000000,0.5055555556,2016-10-28,2017-04-28,0.0000,#N/A,#N/A,1000000.0000,1.0040920668,15228.7296792008
swap_01,Swap,4,0,2017-10-30,Interest,15416.6667,EUR,0.0300000000,0.5138888889,2017-04-28,2017-10-30,0.0000,#N/A,#N/A,1000000.0000,1.0058970355,15507.5792970163
swap_01,Swap,5,0,2018-04-30,Interest,15166.6667,EUR,0.0300000000,0.5055555556,2017-10-30,2018-04-30,0.0000,#N/A,#N/A,1000000.0000,1.0076262875,15282.3320270848
swap_01,Swap,6,0,2018-10-29,Interest,15166.6667,EUR,0.0300000000,0.5055555556,2018-04-30,2018-10-29,0.0000,#N/A,#N/A,1000000.0000,1.0088233940,15300.4881417401
swap_01,Swap,7,0,2019-04-29,Interest,15166.6667,EUR,0.0300000000,0.5055555556,2018-10-29,2019-04-29,0.0000,#N/A,#N/A,1000000.0000,1.0096565823,15313.1248314006
swap_01,Swap,8,0,2019-10-28,Interest,15166.6667,EUR,0.0300000000,0.5055555556,2019-04-29,2019-10-28,0.0000,#N/A,#N/A,1000000.0000,1.0099807051,15318.0406944334
swap_01,Swap,9,0,2020-04-28,Interest,15250.0000,EUR,0.0300000000,0.5083333333,2019-10-28,2020-04-28,0.0000,#N/A,#N/A,1000000.0000,1.0099087352,15401.1082112507
swap_01,Swap,10,0,2020-10-28,Interest,15250.0000,EUR,0.0300000000,0.5083333333,2020-04-28,2020-10-28,0.0000,#N/A,#N/A,1000000.0000,1.0092891991,15391.6602869129
swap_01,Swap,11,0,2021-04-28,Interest,15166.6667,EUR,0.0300000000,0.5055555556,2020-10-28,2021-04-28,0.0000,#N/A,#N/A,1000000.0000,1.0079047839,15286.5558896134
swap_01,Swap,12,0,2021-10-28,Interest,15250.0000,EUR,0.0300000000,0.5083333333,2021-04-28,2021-10-28,0.0000,#N/A,#N/A,1000000.0000,1.0054631743,15333.3134082016
swap_01,Swap,13,0,2022-04-28,Interest,15166.6667,EUR,0.0300000000,0.5055555556,2021-10-28,2022-04-28,0.0000,#N/A,#N/A,1000000.0000,1.0024381581,15203.6453985090
swap_01,Swap,14,0,2022-10-28,Interest,15250.0000,EUR,0.0300000000,0.5083333333,2022-04-28,2022-10-28,0.0000,#N/A,#N/A,1000000.0000,0.9985825205,15228.3834374596
swap_01,Swap,15,0,2023-04-28,Interest,15166.6667,EUR,0.0300000000,0.5055555556,2022-10-28,2023-04-28,0.0000,#N/A,#N/A,1000000.0000,0.9942642916,15079.6750895493
swap_01,Swap,16,0,2023-10-30,Interest,15416.6667,EUR,0.0300000000,0.5138888889,2023-04-28,2023-10-30,0.0000,#N/A,#N/A,1000000.0000,0.9892066720,15250.2695266226
swap_01,Swap,17,0,2024-04-29,Interest,15166.6667,EUR,0.0300000000,0.5055555556,2023-10-30,2024-04-29,0.0000,#N/A,#N/A,1000000.0000,0.9838299705,14921.4212187019
swap_01,Swap,18,0,2024-10-28,Interest,15166.6667,EUR,0.0300000000,0.5055555556,2024-04-29,2024-10-28,0.0000,#N/A,#N/A,1000000.0000,0.9779047625,14831.5555644562
swap_01,Swap,19,0,2025-04-28,Interest,15166.6667,EUR,0.0300000000,0.5055555556,2024-10-28,2025-04-28,0.0000,#N/A,#N/A,1000000.0000,0.9715799722,14735.6295779091
swap_01,Swap,20,0,2025-10-28,Interest,15250.0000,EUR,0.0300000000,0.5083333333,2025-04-28,2025-10-28,0.0000,#N/A,#N/A,1000000.0000,0.9646555510,14710.9971521344
swap_01,Swap,21,0,2026-04-28,Interest,15166.6667,EUR,0.0300000000,0.5055555556,2025-10-28,2026-04-28,0.0000,#N/A,#N/A,1000000.0000,0.9577967507,14526.5840518168
swap_01,Swap,22,0,2026-10-28,Interest,15250.0000,EUR,0.0300000000,0.5083333333,2026-04-28,2026-10-28,0.0000,#N/A,#N/A,1000000.0000,0.9509206225,14501.5394928080
swap_01,Swap,23,0,2027-04-28,Interest,15166.6667,EUR,0.0300000000,0.5055555556,2026-10-28,2027-04-28,0.0000,#N/A,#N/A,1000000.0000,0.9441310300,14319.3206215466
swap_01,Swap,24,0,2027-10-28,Interest,15250.0000,EUR,0.0300000000,0.5083333333,2027-04-28,2027-10-28,0.0000,#N/A,#N/A,1000000.0000,0.9373530095,14294.6333950800
swap_01,Swap,25,0,2028-04-28,Interest,15250.0000,EUR,0.0300000000,0.5083333333,2027-10-28,2028-04-28,0.0000,#N/A,#N/A,1000000.0000,0.9304130757,14188.7994043883
swap_01,Swap,26,0,2028-10-30,Interest,15416.6667,EUR,0.0300000000,0.5138888889,2028-04-28,2028-10-30,0.0000,#N/A,#N/A,1000000.0000,0.9231651796,14232.1298519934
swap_01,Swap,27,0,2029-04-30,Interest,15166.6667,EUR,0.0300000000,0.5055555556,2028-10-30,2029-04-30,0.0000,#N/A,#N/A,1000000.0000,0.9160899142,13894.0303660574
swap_01,Swap,28,0,2029-10-29,Interest,15166.6667,EUR,0.0300000000,0.5055555556,2029-04-30,2029-10-29,0.0000,#N/A,#N/A,1000000.0000,0.9090688747,13787.5445998043
swap_01,Swap,29,0,2030-04-29,Interest,15166.6667,EUR,0.0300000000,0.5055555556,2029-10-29,2030-04-29,0.0000,#N/A,#N/A,1000000.0000,0.9021016454,13681.8749551599
swap_01,Swap,30,0,2030-10-28,Interest,15166.6667,EUR,0.0300000000,0.5055555556,2030-04-29,2030-10-28,0.0000,#N/A,#N/A,1000000.0000,0.8951878139,13577.0151772557
swap_01,Swap,31,0,2031-04-28,Interest,15166.6667,EUR,0.0300000000,0.5055555556,2030-10-28,2031-04-28,0.0000,#N/A,#N/A,1000000.0000,0.8885499410,13476.3407724176
swap_01,Swap,32,0,2031-10-28,Interest,15250.0000,EUR,0.0300000000,0.5083333333,2031-04-28,2031-10-28,0.0000,#N/A,#N/A,1000000.0000,0.8822356779,13454.0940879841
swap_01,Swap,33,0,2032-04-28,Interest,15250.0000,EUR,0.0300000000,0.5083333333,2031-10-28,2032-04-28,0.0000,#N/A,#N/A,1000000.0000,0.8759662855,13358.4858543551
swap_01,Swap,34,0,2032-10-28,Interest,15250.0000,EUR,0.0300000000,0.5083333333,2032-04-28,2032-10-28,0.0000,#N/A,#N/A,1000000.0000,0.8697414451,13263.5570372871
swap_01,Swap,35,0,2033-04-28,Interest,15166.6667,EUR,0.0300000000,0.5055555556,2032-10-28,2033-04-28,0.0000,#N/A,#N/A,1000000.0000,0.8635944941,13097.8498268720
swap_01,Swap,36,0,2033-10-28,Interest,15250.0000,EUR,0.0300000000,0.5083333333,2033-04-28,2033-10-28,0.0000,#N/A,#N/A,1000000.0000,0.8574575707,13076.2279536368
swap_01,Swap,37,0,2034-04-28,Interest,15166.6667,EUR,0.0300000000,0.5055555556,2033-10-28,2034-04-28,0.0000,#N/A,#N/A,1000000.0000,0.8513974368,12912.8611244478
swap_01,Swap,38,0,2034-10-30,Interest,15416.6667,EUR,0.0300000000,0.5138888889,2034-04-28,2034-10-30,0.0000,#N/A,#N/A,1000000.0000,0.8452813040,13031.4201029840
swap_01,Swap,39,0,2035-04-30,Interest,15166.6667,EUR,0.0300000000,0.5055555556,2034-10-30,2035-04-30,0.0000,#N/A,#N/A,1000000.0000,0.8393072265,12729.4929357909
swap_01,Swap,40,0,2035-10-29,Interest,15166.6667,EUR,0.0300000000,0.5055555556,2035-04-30,2035-10-29,0.0000,#N/A,#N/A,1000000.0000,0.8333753713,12639.5264639975
swap_01,Swap,1,1,2016-04-28,Interest,-40.6667,EUR,0.0000800000,0.5083333333,2015-10-28,2016-04-28,-22.2222,2015-10-26,0.0000800000,1000000.0000,1.0005089652,-40.6873645853
swap_01,Swap,2,1,2016-10-28,InterestProjected,83.5118,EUR,-0.0001642856,0.5083333333,2016-04-28,2016-10-28,0.0000,2016-04-26,-0.0001642856,1000000.0000,1.0021811279,83.6939854071
swap_01,Swap,3,1,2017-04-28,InterestProjected,350.0482,EUR,-0.0006924030,0.5055555556,2016-10-28,2017-04-28,0.0000,2016-10-26,-0.0006924030,1000000.0000,1.0040920668,351.4806258680
swap_01,Swap,4,1,2017-10-30,InterestProjected,355.8172,EUR,-0.0006924010,0.5138888889,2017-04-28,2017-10-30,0.0000,2017-04-26,-0.0006924004,1000000.0000,1.0058970355,357.9154706229
swap_01,Swap,5,1,2018-04-30,InterestProjected,95.7914,EUR,-0.0001894774,0.5055555556,2017-10-30,2018-04-30,0.0000,2017-10-26,-0.0001894774,1000000.0000,1.0076262875,96.5219041670
swap_01,Swap,6,1,2018-10-29,InterestProjected,-228.4799,EUR,0.0004519382,0.5055555556,2018-04-30,2018-10-29,0.0000,2018-04-26,0.0004519388,1000000.0000,1.0088233940,-230.4958519601
swap_01,Swap,7,1,2019-04-29,InterestProjected,-762.5915,EUR,0.0015084227,0.5055555556,2018-10-29,2019-04-29,0.0000,2018-10-25,0.0015084227,1000000.0000,1.0096565823,-769.9554864833
swap_01,Swap,8,1,2019-10-28,InterestProjected,-1491.3851,EUR,0.0029499925,0.5055555556,2019-04-29,2019-10-28,0.0000,2019-04-25,0.0029500046,1000000.0000,1.0099807051,-1506.2701662615
swap_01,Swap,9,1,2020-04-28,InterestProjected,-1946.2166,EUR,0.0038286229,0.5083333333,2019-10-28,2020-04-28,0.0000,2019-10-24,0.0038286229,1000000.0000,1.0099087352,-1965.5011852978
swap_01,Swap,10,1,2020-10-28,InterestProjected,-2547.7652,EUR,0.0050119971,0.5083333333,2020-04-28,2020-10-28,0.0000,2020-04-24,0.0050119971,1000000.0000,1.0092891991,-2571.4319058539
swap_01,Swap,11,1,2021-04-28,InterestProjected,-3399.1112,EUR,0.0067235166,0.5055555556,2020-10-28,2021-04-28,0.0000,2020-10-26,0.0067235166,1000000.0000,1.0079047839,-3425.9804278568
swap_01,Swap,12,1,2021-10-28,InterestProjected,-4579.0666,EUR,0.0090079998,0.5083333333,2021-04-28,2021-10-28,0.0000,2021-04-26,0.0090079998,1000000.0000,1.0054631743,-4604.0828049718
swap_01,Swap,13,1,2022-04-28,InterestProjected,-4553.9875,EUR,0.0090078873,0.5055555556,2021-10-28,2022-04-28,0.0000,2021-10-26,0.0090078873,1000000.0000,1.0024381581,-4565.0907971659
swap_01,Swap,14,1,2022-10-28,InterestProjected,-4579.0666,EUR,0.0090079998,0.5083333333,2022-04-28,2022-10-28,0.0000,2022-04-26,0.0090079998,1000000.0000,0.9985825205,-4572.5758331153
swap_01,Swap,15,1,2023-04-28,InterestProjected,-5751.5550,EUR,0.0113767022,0.5055555556,2022-10-28,2023-04-28,0.0000,2022-10-26,0.0113767022,1000000.0000,0.9942642916,-5718.5657810000
swap_01,Swap,16,1,2023-10-30,InterestProjected,-7472.1471,EUR,0.0145403943,0.5138888889,2023-04-28,2023-10-30,0.0000,2023-04-26,0.0145406872,1000000.0000,0.9892066720,-7391.4977431418
swap_01,Swap,17,1,2024-04-29,InterestProjected,-7350.5329,EUR,0.0145395156,0.5055555556,2023-10-30,2024-04-29,0.0000,2023-10-26,0.0145398085,1000000.0000,0.9838299705,-7231.6745551527
swap_01,Swap,18,1,2024-10-28,InterestProjected,-7350.5329,EUR,0.0145395156,0.5055555556,2024-04-29,2024-10-28,0.0000,2024-04-25,0.0145398085,1000000.0000,0.9779047625,-7188.1211190784
swap_01,Swap,19,1,2025-04-28,InterestProjected,-7350.5329,EUR,0.0145395156,0.5055555556,2024-10-28,2025-04-28,0.0000,2024-10-24,0.0145395156,1000000.0000,0.9715799722,-7141.6305398016
swap_01,Swap,20,1,2025-10-28,InterestProjected,-7391.0693,EUR,0.0145398085,0.5083333333,2025-04-28,2025-10-28,0.0000,2025-04-24,0.0145398085,1000000.0000,0.9646555510,-7129.8360476711
swap_01,Swap,21,1,2026-04-28,InterestProjected,-7524.6362,EUR,0.0148838957,0.5055555556,2025-10-28,2026-04-28,0.0000,2025-10-24,0.0148838957,1000000.0000,0.9577967507,-7207.0720779573
swap_01,Swap,22,1,2026-10-28,InterestProjected,-7799.6064,EUR,0.0153434879,0.5083333333,2026-04-28,2026-10-28,0.0000,2026-04-24,0.0153434879,1000000.0000,0.9509206225,-7416.8065455598
swap_01,Swap,23,1,2027-04-28,InterestProjected,-7756.8207,EUR,0.0153431618,0.5055555556,2026-10-28,2027-04-28,0.0000,2026-10-26,0.0153431618,1000000.0000,0.9441310300,-7323.4551143992
swap_01,Swap,24,1,2027-10-28,InterestProjected,-7799.6064,EUR,0.0153434879,0.5083333333,2027-04-28,2027-10-28,0.0000,2027-04-26,0.0153434879,1000000.0000,0.9373530095,-7310.9845050304
swap_01,Swap,25,1,2028-04-28,InterestProjected,-8112.1196,EUR,0.0159582681,0.5083333333,2027-10-28,2028-04-28,0.0000,2027-10-26,0.0159582681,1000000.0000,0.9304130757,-7547.6221765389
swap_01,Swap,26,1,2028-10-30,InterestProjected,-8617.2324,EUR,0.0167686685,0.5138888889,2028-04-28,2028-10-30,0.0000,2028-04-26,0.0167690579,1000000.0000,0.9231651796,-7955.1289232530
swap_01,Swap,27,1,2029-04-30,InterestProjected,-8476.9029,EUR,0.0167675003,0.5055555556,2028-10-30,2029-04-30,0.0000,2028-10-26,0.0167675003,1000000.0000,0.9160899142,-7765.6052771295
swap_01,Swap,28,1,2029-10-29,InterestProjected,-8476.9029,EUR,0.0167675003,0.5055555556,2029-04-30,2029-10-29,0.0000,2029-04-26,0.0167682791,1000000.0000,0.9090688747,-7706.0886065472
swap_01,Swap,29,1,2030-04-29,InterestProjected,-8476.9029,EUR,0.0167675003,0.5055555556,2029-10-29,2030-04-29,0.0000,2029-10-25,0.0167675003,1000000.0000,0.9021016454,-7647.0280799424
swap_01,Swap,30,1,2030-10-28,InterestProjected,-8476.9029,EUR,0.0167675003,0.5055555556,2030-04-29,2030-10-28,0.0000,2030-04-25,0.0167678897,1000000.0000,0.8951878139,-7588.4202013647
swap_01,Swap,31,1,2031-04-28,InterestProjected,-8172.5861,EUR,0.0161655549,0.5055555556,2030-10-28,2031-04-28,0.0000,2030-10-24,0.0161655549,1000000.0000,0.8885499410,-7261.7509050603
swap_01,Swap,32,1,2031-10-28,InterestProjected,-7800.5475,EUR,0.0153453393,0.5083333333,2031-04-28,2031-10-28,0.0000,2031-04-24,0.0153453393,1000000.0000,0.8822356779,-6881.9212839577
swap_01,Swap,33,1,2032-04-28,InterestProjected,-7800.5475,EUR,0.0153453393,0.5083333333,2031-10-28,2032-04-28,0.0000,2031-10-24,0.0153453393,1000000.0000,0.8759662855,-6833.0165911831
swap_01,Swap,34,1,2032-10-28,InterestProjected,-7800.5475,EUR,0.0153453393,0.5083333333,2032-04-28,2032-10-28,0.0000,2032-04-26,0.0153453393,1000000.0000,0.8697414451,-6784.4594276634
swap_01,Swap,35,1,2033-04-28,InterestProjected,-7757.7566,EUR,0.0153450131,0.5055555556,2032-10-28,2033-04-28,0.0000,2032-10-26,0.0153450131,1000000.0000,0.8635944941,-6699.5558968635
swap_01,Swap,36,1,2033-10-28,InterestProjected,-7800.5475,EUR,0.0153453393,0.5083333333,2033-04-28,2033-10-28,0.0000,2033-04-26,0.0153453393,1000000.0000,0.8574575707,-6688.6384827936
swap_01,Swap,37,1,2034-04-28,InterestProjected,-7757.7566,EUR,0.0153450131,0.5055555556,2033-10-28,2034-04-28,0.0000,2033-10-26,0.0153450131,1000000.0000,0.8513974368,-6604.9340949221
swap_01,Swap,38,1,2034-10-30,InterestProjected,-7886.1346,EUR,0.0153459917,0.5138888889,2034-04-28,2034-10-30,0.0000,2034-04-26,0.0153463179,1000000.0000,0.8452813040,-6666.0021650773
swap_01,Swap,39,1,2035-04-30,InterestProjected,-7757.7566,EUR,0.0153450131,0.5055555556,2034-10-30,2035-04-30,0.0000,2034-10-26,0.0153450131,1000000.0000,0.8393072265,-6511.1411864790
swap_01,Swap,40,1,2035-10-29,InterestProjected,-7757.7566,EUR,0.0153450131,0.5055555556,2035-04-30,2035-10-29,0.0000,2035-04-26,0.0153456655,1000000.0000,0.8333753713,-6465.1232969329
