{ "category": "Warning", "group": "Curve", "message": "Configuration 'libor' not known - check wyh this is used. Will retry with default configuration.", "sub_fields": [ { "name": "curveId", "value": "IndexCurve(USD-FedFunds)" }, { "name": "exceptionType", "value": "Unknown market configuration." } ] }
{ "category": "Warning", "group": "Curve", "message": "Configuration 'libor' not known - check wyh this is used. Will retry with default configuration.", "sub_fields": [ { "name": "curveId", "value": "IndexCurve(USD-LIBOR-3M)" }, { "name": "exceptionType", "value": "Unknown market configuration." } ] }
{ "category": "Warning", "group": "Curve", "message": "Configuration 'libor' not known - check wyh this is used. Will retry with default configuration.", "sub_fields": [ { "name": "curveId", "value": "DiscountCurve(USD)" }, { "name": "exceptionType", "value": "Unknown market configuration." } ] }
{ "category": "Warning", "group": "Curve", "message": "Configuration 'libor' not known - check wyh this is used. Will retry with default configuration.", "sub_fields": [ { "name": "curveId", "value": "IndexCurve(USD-Prime)" }, { "name": "exceptionType", "value": "Unknown market configuration." } ] }
