#TradeId,TradeType,Maturity,MaturityTime,NPV,NpvCurrency,NPV(Base),BaseCurrency,Notional,NotionalCurrency,Notional(Base),NettingSet,CounterParty
EQ_CALL_SP5,EquityOption,2018-02-05,2.000262,132180.279705,USD,116732.279970,EUR,1664359.00,USD,1469844.22,CPTY_A,CPTY_A
EQ_PUT_SP5,EquityOption,2018-02-05,2.000262,-175481.519794,USD,-154972.874501,EUR,1664359.00,USD,1469844.22,CPTY_A,CPTY_A
Swaption_CALL,Swaption,2017-03-01,1.066015,418059.295912,EUR,418059.295912,EUR,10000000.00,EUR,10000000.00,CPTY_A,CPTY_A
FX_CALL_OPTION,FxOption,2026-03-01,10.066015,286837.476416,USD,253314.584277,EUR,1100000.00,USD,971442.25,CPTY_A,CPTY_A
