WARNING  [2020-Dec-03 00:20:21.019673] (...cdsvolcurveconfig.cpp:86) : Using an Expiries node only in CDSVolatilityCurveConfig is deprecated. A volatility configuration node should be used instead.
WARNING  [2020-Dec-03 00:20:21.661145] (...app\reportwriter.cpp:144) : cashflow for Swaption SwaptionPhysical skipped
ALERT    [2020-Dec-03 00:20:21.878903] (...orea\app\oreapp.cpp:1145) : dim calculator not set, create RegressionDynamicInitialMarginCalculator
