#TradeId,Type,CashflowNo,LegNo,PayDate,FlowType,Amount,Currency,Coupon,Accrual,AccrualStartDate,AccrualEndDate,AccruedAmount,fixingDate,fixingValue,Notional,DiscountFactor,PresentValue
Bond_Fixed,Bond,1,0,2017-02-03,Interest,500123.5122,EUR,0.0500000000,1.0002470245,2016-02-03,2017-02-03,2732.2404,#N/A,#N/A,10000000.0000,0.9803373492,490289.7582719236
Bond_Fixed,Bond,2,0,2018-02-05,Interest,502739.7260,EUR,0.0500000000,1.0054794521,2017-02-03,2018-02-05,0.0000,#N/A,#N/A,10000000.0000,0.9611694523,483218.0670943047
Bond_Fixed,Bond,3,0,2019-02-04,Interest,498630.1370,EUR,0.0500000000,0.9972602740,2018-02-05,2019-02-04,0.0000,#N/A,#N/A,10000000.0000,0.9423766854,469897.4157318829
Bond_Fixed,Bond,4,0,2020-02-03,Interest,498506.6247,EUR,0.0500000000,0.9970132495,2019-02-04,2020-02-03,0.0000,#N/A,#N/A,10000000.0000,0.9239502660,460595.3285551386
Bond_Fixed,Bond,5,0,2021-02-03,Interest,500123.5122,EUR,0.0500000000,1.0002470245,2020-02-03,2021-02-03,0.0000,#N/A,#N/A,10000000.0000,0.9058344413,453029.1023066548
Bond_Fixed,Bond,6,0,2021-02-03,Notional,10000000.0000,EUR,#N/A,#N/A,#N/A,#N/A,#N/A,#N/A,#N/A,#N/A,0.9058344413,9058344.4133339506
Bond_Floating,Bond,1,0,2016-08-03,Interest,50224.0437,EUR,0.0101000000,0.4972677596,2016-02-03,2016-08-03,551.9126,2016-02-01,0.0001000000,10000000.0000,0.9900995527,49726.8032160310
Bond_Floating,Bond,2,0,2017-02-03,InterestProjected,148293.6367,EUR,0.0294830517,0.5029792649,2016-08-03,2017-02-03,0.0000,2016-08-01,0.0194830517,10000000.0000,0.9803373492,145377.7907112182
Bond_Floating,Bond,3,0,2017-08-03,InterestProjected,146109.2400,EUR,0.0294640180,0.4958904110,2017-02-03,2017-08-03,0.0000,2017-02-01,0.0194640180,10000000.0000,0.9708366681,141848.2077635486
Bond_Floating,Bond,4,0,2018-02-05,InterestProjected,150158.7713,EUR,0.0294666406,0.5095890411,2017-08-03,2018-02-05,0.0000,2017-08-01,0.0194666406,10000000.0000,0.9611694523,144328.0239433171
Bond_Floating,Bond,5,0,2018-08-03,InterestProjected,145269.2287,EUR,0.0296219377,0.4904109589,2018-02-05,2018-08-03,0.0000,2018-02-01,0.0196235968,10000000.0000,0.9518824459,138279.2287511126
Bond_Floating,Bond,6,0,2019-02-04,InterestProjected,150173.2232,EUR,0.0296287711,0.5068493151,2018-08-03,2019-02-04,0.0000,2018-08-01,0.0196287711,10000000.0000,0.9423766854,141519.7443058260
Bond_Floating,Bond,7,0,2019-08-05,InterestProjected,147727.0187,EUR,0.0296265724,0.4986301370,2019-02-04,2019-08-05,0.0000,2019-01-31,0.0196265724,10000000.0000,0.9331179876,137846.7384297653
Bond_Floating,Bond,8,0,2020-02-03,InterestProjected,147653.7145,EUR,0.0296265485,0.4983831125,2019-08-05,2020-02-03,0.0000,2019-08-01,0.0196276150,10000000.0000,0.9239502660,136424.6887847746
Bond_Floating,Bond,9,0,2020-08-03,InterestProjected,147063.6209,EUR,0.0295743325,0.4972677596,2020-02-03,2020-08-03,0.0000,2020-01-30,0.0195743325,10000000.0000,0.9148965300,134547.9964106033
Bond_Floating,Bond,10,0,2021-02-03,InterestProjected,148747.5900,EUR,0.0295733046,0.5029792649,2020-08-03,2021-02-03,0.0000,2020-07-30,0.0195733046,10000000.0000,0.9058344413,134740.6900503335
Bond_Floating,Bond,11,0,2021-02-03,Notional,10000000.0000,EUR,#N/A,#N/A,#N/A,#N/A,#N/A,#N/A,#N/A,#N/A,0.9058344413,9058344.4133339506
Bond_Fixed_Then_Floating,Bond,1,0,2017-02-03,Interest,500123.5122,EUR,0.0500000000,1.0002470245,2016-02-03,2017-02-03,2732.2404,#N/A,#N/A,10000000.0000,0.9803373492,490289.7582719236
Bond_Fixed_Then_Floating,Bond,2,0,2018-02-05,Interest,502739.7260,EUR,0.0500000000,1.0054794521,2017-02-03,2018-02-05,0.0000,#N/A,#N/A,10000000.0000,0.9611694523,483218.0670943047
Bond_Fixed_Then_Floating,Bond,3,0,2019-02-04,Interest,498630.1370,EUR,0.0500000000,0.9972602740,2018-02-05,2019-02-04,0.0000,#N/A,#N/A,10000000.0000,0.9423766854,469897.4157318829
Bond_Fixed_Then_Floating,Bond,4,0,2020-02-03,Interest,498506.6247,EUR,0.0500000000,0.9970132495,2019-02-04,2020-02-03,0.0000,#N/A,#N/A,10000000.0000,0.9239502660,460595.3285551386
Bond_Fixed_Then_Floating,Bond,5,0,2021-02-03,Interest,500123.5122,EUR,0.0500000000,1.0002470245,2020-02-03,2021-02-03,0.0000,#N/A,#N/A,10000000.0000,0.9058344413,453029.1023066548
Bond_Fixed_Then_Floating,Bond,6,0,2021-08-03,InterestProjected,146904.6661,EUR,0.0296244216,0.4958904110,2021-02-03,2021-08-03,0.0000,2021-02-01,0.0196244216,10000000.0000,0.8969841471,131771.1566664842
Bond_Fixed_Then_Floating,Bond,7,0,2022-02-03,InterestProjected,149356.7248,EUR,0.0296278286,0.5041095890,2021-08-03,2022-02-03,0.0000,2021-07-30,0.0196278286,10000000.0000,0.8880749778,132639.9700935736
Bond_Fixed_Then_Floating,Bond,8,0,2022-08-03,InterestProjected,146913.6276,EUR,0.0296262288,0.4958904110,2022-02-03,2022-08-03,0.0000,2022-02-01,0.0196262288,10000000.0000,0.8793974081,129195.4633676314
Bond_Fixed_Then_Floating,Bond,9,0,2023-02-03,InterestProjected,149356.7248,EUR,0.0296278286,0.5041095890,2022-08-03,2023-02-03,0.0000,2022-08-01,0.0196278286,10000000.0000,0.8706629166,130039.3616576003
Bond_Fixed_Then_Floating,Bond,10,0,2023-08-03,InterestProjected,146826.9347,EUR,0.0296087465,0.4958904110,2023-02-03,2023-08-03,0.0000,2023-02-01,0.0196087465,10000000.0000,0.8621629879,126588.7487465242
Bond_Fixed_Then_Floating,Bond,11,0,2024-02-05,InterestProjected,150815.8567,EUR,0.0296108086,0.5093270454,2023-08-03,2024-02-05,0.0000,2023-08-01,0.0196108086,10000000.0000,0.8535149600,128723.5898807791
Bond_Fixed_Then_Floating,Bond,12,0,2024-08-05,InterestProjected,147234.4166,EUR,0.0296086794,0.4972677596,2024-02-05,2024-08-05,0.0000,2024-02-01,0.0196086794,10000000.0000,0.8451368842,124433.2360651655
Bond_Fixed_Then_Floating,Bond,13,0,2025-02-03,InterestProjected,147307.5573,EUR,0.0296086794,0.4975147840,2024-08-05,2025-02-03,0.0000,2024-08-01,0.0196097440,10000000.0000,0.8368410472,123273.0104819423
Bond_Fixed_Then_Floating,Bond,14,0,2025-08-04,InterestProjected,147637.7985,EUR,0.0296086794,0.4986301370,2025-02-03,2025-08-04,0.0000,2025-01-30,0.0196086794,10000000.0000,0.8286266420,122336.6132292770
Bond_Fixed_Then_Floating,Bond,15,0,2026-02-03,InterestProjected,148451.6639,EUR,0.0296092117,0.5013698630,2025-08-04,2026-02-03,0.0000,2025-07-31,0.0196097440,10000000.0000,0.8204483993,121796.9300410371
Bond_Fixed_Then_Floating,Bond,16,0,2026-02-03,Notional,10000000.0000,EUR,#N/A,#N/A,#N/A,#N/A,#N/A,#N/A,#N/A,#N/A,0.8204483993,8204483.9926123777
Bond_Amortizing_FixedAmount,Bond,1,0,2017-02-03,Interest,500123.5122,EUR,0.0500000000,1.0002470245,2016-02-03,2017-02-03,2732.2404,#N/A,#N/A,10000000.0000,0.9803373492,490289.7582719236
Bond_Amortizing_FixedAmount,Bond,2,0,2017-02-03,Notional,1000000.0000,EUR,#N/A,#N/A,#N/A,#N/A,#N/A,#N/A,#N/A,#N/A,0.9803373492,980337.3492220110
Bond_Amortizing_FixedAmount,Bond,3,0,2018-02-05,Interest,452465.7534,EUR,0.0500000000,1.0054794521,2017-02-03,2018-02-05,0.0000,#N/A,#N/A,9000000.0000,0.9611694523,434896.2603848742
Bond_Amortizing_FixedAmount,Bond,4,0,2018-02-05,Notional,1000000.0000,EUR,#N/A,#N/A,#N/A,#N/A,#N/A,#N/A,#N/A,#N/A,0.9611694523,961169.4522584268
Bond_Amortizing_FixedAmount,Bond,5,0,2019-02-04,Interest,398904.1096,EUR,0.0500000000,0.9972602740,2018-02-05,2019-02-04,0.0000,#N/A,#N/A,8000000.0000,0.9423766854,375917.9325855063
Bond_Amortizing_FixedAmount,Bond,6,0,2019-02-04,Notional,1000000.0000,EUR,#N/A,#N/A,#N/A,#N/A,#N/A,#N/A,#N/A,#N/A,0.9423766854,942376.6853963569
Bond_Amortizing_FixedAmount,Bond,7,0,2020-02-03,Interest,348954.6373,EUR,0.0500000000,0.9970132495,2019-02-04,2020-02-03,0.0000,#N/A,#N/A,7000000.0000,0.9239502660,322416.7299885971
Bond_Amortizing_FixedAmount,Bond,8,0,2020-02-03,Notional,1000000.0000,EUR,#N/A,#N/A,#N/A,#N/A,#N/A,#N/A,#N/A,#N/A,0.9239502660,923950.2660342060
Bond_Amortizing_FixedAmount,Bond,9,0,2021-02-03,Interest,300074.1073,EUR,0.0500000000,1.0002470245,2020-02-03,2021-02-03,0.0000,#N/A,#N/A,6000000.0000,0.9058344413,271817.4613839929
Bond_Amortizing_FixedAmount,Bond,10,0,2021-02-03,Notional,6000000.0000,EUR,#N/A,#N/A,#N/A,#N/A,#N/A,#N/A,#N/A,#N/A,0.9058344413,5435006.6480003707
Bond_Amortizing_Percentage_Initial,Bond,1,0,2017-02-03,Interest,500123.5122,EUR,0.0500000000,1.0002470245,2016-02-03,2017-02-03,2732.2404,#N/A,#N/A,10000000.0000,0.9803373492,490289.7582719236
Bond_Amortizing_Percentage_Initial,Bond,2,0,2017-02-03,Notional,500000.0000,EUR,#N/A,#N/A,#N/A,#N/A,#N/A,#N/A,#N/A,#N/A,0.9803373492,490168.6746110055
Bond_Amortizing_Percentage_Initial,Bond,3,0,2018-02-05,Interest,477602.7397,EUR,0.0500000000,1.0054794521,2017-02-03,2018-02-05,0.0000,#N/A,#N/A,9500000.0000,0.9611694523,459057.1637395894
Bond_Amortizing_Percentage_Initial,Bond,4,0,2018-02-05,Notional,500000.0000,EUR,#N/A,#N/A,#N/A,#N/A,#N/A,#N/A,#N/A,#N/A,0.9611694523,480584.7261292134
Bond_Amortizing_Percentage_Initial,Bond,5,0,2019-02-04,Interest,448767.1233,EUR,0.0500000000,0.9972602740,2018-02-05,2019-02-04,0.0000,#N/A,#N/A,9000000.0000,0.9423766854,422907.6741586946
Bond_Amortizing_Percentage_Initial,Bond,6,0,2019-02-04,Notional,500000.0000,EUR,#N/A,#N/A,#N/A,#N/A,#N/A,#N/A,#N/A,#N/A,0.9423766854,471188.3426981784
Bond_Amortizing_Percentage_Initial,Bond,7,0,2020-02-03,Interest,423730.6310,EUR,0.0500000000,0.9970132495,2019-02-04,2020-02-03,0.0000,#N/A,#N/A,8500000.0000,0.9239502660,391506.0292718678
Bond_Amortizing_Percentage_Initial,Bond,8,0,2020-02-03,Notional,500000.0000,EUR,#N/A,#N/A,#N/A,#N/A,#N/A,#N/A,#N/A,#N/A,0.9239502660,461975.1330171030
Bond_Amortizing_Percentage_Initial,Bond,9,0,2021-02-03,Interest,400098.8098,EUR,0.0500000000,1.0002470245,2020-02-03,2021-02-03,0.0000,#N/A,#N/A,8000000.0000,0.9058344413,362423.2818453239
Bond_Amortizing_Percentage_Initial,Bond,10,0,2021-02-03,Notional,8000000.0000,EUR,#N/A,#N/A,#N/A,#N/A,#N/A,#N/A,#N/A,#N/A,0.9058344413,7246675.5306671597
Bond_Amortizing_Percentage_Previous,Bond,1,0,2017-02-03,Interest,500123.5122,EUR,0.0500000000,1.0002470245,2016-02-03,2017-02-03,2732.2404,#N/A,#N/A,10000000.0000,0.9803373492,490289.7582719236
Bond_Amortizing_Percentage_Previous,Bond,2,0,2017-02-03,Notional,500000.0000,EUR,#N/A,#N/A,#N/A,#N/A,#N/A,#N/A,#N/A,#N/A,0.9803373492,490168.6746110055
Bond_Amortizing_Percentage_Previous,Bond,3,0,2018-02-05,Interest,477602.7397,EUR,0.0500000000,1.0054794521,2017-02-03,2018-02-05,0.0000,#N/A,#N/A,9500000.0000,0.9611694523,459057.1637395894
Bond_Amortizing_Percentage_Previous,Bond,4,0,2018-02-05,Notional,475000.0000,EUR,#N/A,#N/A,#N/A,#N/A,#N/A,#N/A,#N/A,#N/A,0.9611694523,456555.4898227527
Bond_Amortizing_Percentage_Previous,Bond,5,0,2019-02-04,Interest,450013.6986,EUR,0.0500000000,0.9972602740,2018-02-05,2019-02-04,0.0000,#N/A,#N/A,9025000.0000,0.9423766854,424082.4176980243
Bond_Amortizing_Percentage_Previous,Bond,6,0,2019-02-04,Notional,451250.0000,EUR,#N/A,#N/A,#N/A,#N/A,#N/A,#N/A,#N/A,#N/A,0.9423766854,425247.4792851061
Bond_Amortizing_Percentage_Previous,Bond,7,0,2020-02-03,Interest,427407.1174,EUR,0.0500000000,0.9970132495,2019-02-04,2020-02-03,0.0000,#N/A,#N/A,8573750.0000,0.9239502660,394902.9198199620
Bond_Amortizing_Percentage_Previous,Bond,8,0,2020-02-03,Notional,428687.5000,EUR,#N/A,#N/A,#N/A,#N/A,#N/A,#N/A,#N/A,#N/A,0.9239502660,396085.9296705387
Bond_Amortizing_Percentage_Previous,Bond,9,0,2021-02-03,Interest,407353.7265,EUR,0.0500000000,1.0002470245,2020-02-03,2021-02-03,0.0000,#N/A,#N/A,8145062.5000,0.9058344413,368995.0352606598
Bond_Amortizing_Percentage_Previous,Bond,10,0,2021-02-03,Notional,8145062.5000,EUR,#N/A,#N/A,#N/A,#N/A,#N/A,#N/A,#N/A,#N/A,0.9058344413,7378078.1393130859
Bond_Amortizing_Fixed_Annuity,Bond,1,0,2017-02-03,Interest,500123.5122,EUR,0.0500000000,1.0002470245,2016-02-03,2017-02-03,2732.2404,#N/A,#N/A,10000000.0000,0.9803373492,490289.7582719236
Bond_Amortizing_Fixed_Annuity,Bond,2,0,2017-02-03,Notional,499876.4878,EUR,#N/A,#N/A,#N/A,#N/A,#N/A,#N/A,#N/A,#N/A,0.9803373492,490047.5909500864
Bond_Amortizing_Fixed_Annuity,Bond,3,0,2018-02-05,Interest,477608.9492,EUR,0.0500000000,1.0054794521,2017-02-03,2018-02-05,0.0000,#N/A,#N/A,9500123.5122,0.9611694523,459063.1320741257
Bond_Amortizing_Fixed_Annuity,Bond,4,0,2018-02-05,Notional,522391.0508,EUR,#N/A,#N/A,#N/A,#N/A,#N/A,#N/A,#N/A,#N/A,0.9611694523,502106.3201843000
Bond_Amortizing_Fixed_Annuity,Bond,5,0,2019-02-04,Interest,447656.7967,EUR,0.0500000000,0.9972602740,2018-02-05,2019-02-04,0.0000,#N/A,#N/A,8977732.4614,0.9423766854,421861.3282751560
Bond_Amortizing_Fixed_Annuity,Bond,6,0,2019-02-04,Notional,552343.2033,EUR,#N/A,#N/A,#N/A,#N/A,#N/A,#N/A,#N/A,#N/A,0.9423766854,520515.3571212019
Bond_Amortizing_Fixed_Annuity,Bond,7,0,2020-02-03,Interest,420011.2361,EUR,0.0500000000,0.9970132495,2019-02-04,2020-02-03,0.0000,#N/A,#N/A,8425389.2581,0.9239502660,388069.4933549685
Bond_Amortizing_Fixed_Annuity,Bond,8,0,2020-02-03,Notional,579988.7639,EUR,#N/A,#N/A,#N/A,#N/A,#N/A,#N/A,#N/A,#N/A,0.9239502660,535880.7726792376
Bond_Amortizing_Fixed_Annuity,Bond,9,0,2021-02-03,Interest,392366.9250,EUR,0.0500000000,1.0002470245,2020-02-03,2021-02-03,0.0000,#N/A,#N/A,7845400.4942,0.9058344413,355419.4743144911
Bond_Amortizing_Fixed_Annuity,Bond,10,0,2021-02-03,Notional,7845400.4942,EUR,#N/A,#N/A,#N/A,#N/A,#N/A,#N/A,#N/A,#N/A,0.9058344413,7106633.9737429852
Bond_Amortizing_Floating_Annuity,Bond,1,0,2016-08-03,Interest,51061.1111,EUR,0.0101000000,0.5055555556,2016-02-03,2016-08-03,561.1111,2016-02-01,0.0001000000,10000000.0000,0.9900995527,50555.5832696316
Bond_Amortizing_Floating_Annuity,Bond,2,0,2017-02-03,InterestProjected,150691.1531,EUR,0.0294830517,0.5111111111,2016-08-03,2017-02-03,0.0000,2016-08-01,0.0194830517,10000000.0000,0.9803373492,147728.1656011019
Bond_Amortizing_Floating_Annuity,Bond,3,0,2017-02-03,Notional,849308.8469,EUR,#N/A,#N/A,#N/A,#N/A,#N/A,#N/A,#N/A,#N/A,0.9803373492,832609.1836209084
Bond_Amortizing_Floating_Annuity,Bond,4,0,2017-08-03,Interest,135556.9982,EUR,0.0294640180,0.5027777778,2017-02-03,2017-08-03,0.0000,#N/A,#N/A,9150691.1531,0.9708366681,131603.7044588252
Bond_Amortizing_Floating_Annuity,Bond,5,0,2017-08-03,Notional,864443.0018,EUR,#N/A,#N/A,#N/A,#N/A,#N/A,#N/A,#N/A,#N/A,0.9708366681,839232.9636127409
Bond_Amortizing_Floating_Annuity,Bond,6,0,2018-02-05,Interest,126153.4130,EUR,0.0294666406,0.5166666667,2017-08-03,2018-02-05,0.0000,#N/A,#N/A,8286248.1513,0.9611694523,121254.8069104892
Bond_Amortizing_Floating_Annuity,Bond,7,0,2018-02-05,Notional,873846.5870,EUR,#N/A,#N/A,#N/A,#N/A,#N/A,#N/A,#N/A,#N/A,0.9611694523,839914.6453479370
Bond_Amortizing_Floating_Annuity,Bond,8,0,2018-08-03,Interest,109181.0475,EUR,0.0296235968,0.4972222222,2018-02-05,2018-08-03,0.0000,#N/A,#N/A,7412401.5644,0.9518824459,103927.5225135713
Bond_Amortizing_Floating_Annuity,Bond,9,0,2018-08-03,Notional,890818.9525,EUR,#N/A,#N/A,#N/A,#N/A,#N/A,#N/A,#N/A,#N/A,0.9518824459,847954.9234360617
Bond_Amortizing_Floating_Annuity,Bond,10,0,2019-02-04,Interest,99296.9402,EUR,0.0296287711,0.5138888889,2018-08-03,2019-02-04,0.0000,#N/A,#N/A,6521582.6118,0.9423766854,93575.1213467202
Bond_Amortizing_Floating_Annuity,Bond,11,0,2019-02-04,Notional,900703.0598,EUR,#N/A,#N/A,#N/A,#N/A,#N/A,#N/A,#N/A,#N/A,0.9423766854,848801.5640496371
Bond_Amortizing_Floating_Annuity,Bond,12,0,2019-08-05,Interest,84188.8498,EUR,0.0296265724,0.5055555556,2019-02-04,2019-08-05,0.0000,#N/A,#N/A,5620879.5520,0.9331179876,78558.1301033271
Bond_Amortizing_Floating_Annuity,Bond,13,0,2019-08-05,Notional,915811.1502,EUR,#N/A,#N/A,#N/A,#N/A,#N/A,#N/A,#N/A,#N/A,0.9331179876,854559.8574727576
Bond_Amortizing_Floating_Annuity,Bond,14,0,2020-02-03,Interest,70474.4218,EUR,0.0296276150,0.5055555556,2019-08-05,2020-02-03,0.0000,#N/A,#N/A,4705068.4018,0.9239502660,65114.8607695450
Bond_Amortizing_Floating_Annuity,Bond,15,0,2020-02-03,Notional,929525.5782,EUR,#N/A,#N/A,#N/A,#N/A,#N/A,#N/A,#N/A,#N/A,0.9239502660,858835.4052646606
Bond_Amortizing_Floating_Annuity,Bond,16,0,2020-08-03,Interest,56449.9082,EUR,0.0295743325,0.5055555556,2020-02-03,2020-08-03,0.0000,#N/A,#N/A,3775542.8236,0.9148965300,51645.8250980641
Bond_Amortizing_Floating_Annuity,Bond,17,0,2020-08-03,Notional,943550.0918,EUR,#N/A,#N/A,#N/A,#N/A,#N/A,#N/A,#N/A,#N/A,0.9148965300,863250.7048692321
Bond_Amortizing_Floating_Annuity,Bond,18,0,2021-02-03,Interest,42806.2627,EUR,0.0295733046,0.5111111111,2020-08-03,2021-02-03,0.0000,#N/A,#N/A,2831992.7318,0.9058344413,38775.3870885154
Bond_Amortizing_Floating_Annuity,Bond,19,0,2021-02-03,Notional,2831992.7318,EUR,#N/A,#N/A,#N/A,#N/A,#N/A,#N/A,#N/A,#N/A,0.9058344413,2565316.5540275830
Bond_Amortizing_FixedAmount_PercentagePrevious,Bond,1,0,2017-02-03,Interest,500123.5122,EUR,0.0500000000,1.0002470245,2016-02-03,2017-02-03,2732.2404,#N/A,#N/A,10000000.0000,0.9803373492,490289.7582719236
Bond_Amortizing_FixedAmount_PercentagePrevious,Bond,2,0,2017-02-03,Notional,1000000.0000,EUR,#N/A,#N/A,#N/A,#N/A,#N/A,#N/A,#N/A,#N/A,0.9803373492,980337.3492220110
Bond_Amortizing_FixedAmount_PercentagePrevious,Bond,3,0,2018-02-05,Interest,452465.7534,EUR,0.0500000000,1.0054794521,2017-02-03,2018-02-05,0.0000,#N/A,#N/A,9000000.0000,0.9611694523,434896.2603848742
Bond_Amortizing_FixedAmount_PercentagePrevious,Bond,4,0,2018-02-05,Notional,1000000.0000,EUR,#N/A,#N/A,#N/A,#N/A,#N/A,#N/A,#N/A,#N/A,0.9611694523,961169.4522584268
Bond_Amortizing_FixedAmount_PercentagePrevious,Bond,5,0,2019-02-04,Interest,398904.1096,EUR,0.0500000000,0.9972602740,2018-02-05,2019-02-04,0.0000,#N/A,#N/A,8000000.0000,0.9423766854,375917.9325855063
Bond_Amortizing_FixedAmount_PercentagePrevious,Bond,6,0,2019-02-04,Notional,1000000.0000,EUR,#N/A,#N/A,#N/A,#N/A,#N/A,#N/A,#N/A,#N/A,0.9423766854,942376.6853963569
Bond_Amortizing_FixedAmount_PercentagePrevious,Bond,7,0,2020-02-03,Interest,348954.6373,EUR,0.0500000000,0.9970132495,2019-02-04,2020-02-03,0.0000,#N/A,#N/A,7000000.0000,0.9239502660,322416.7299885971
Bond_Amortizing_FixedAmount_PercentagePrevious,Bond,8,0,2020-02-03,Notional,1000000.0000,EUR,#N/A,#N/A,#N/A,#N/A,#N/A,#N/A,#N/A,#N/A,0.9239502660,923950.2660342060
Bond_Amortizing_FixedAmount_PercentagePrevious,Bond,9,0,2021-02-03,Interest,300074.1073,EUR,0.0500000000,1.0002470245,2020-02-03,2021-02-03,0.0000,#N/A,#N/A,6000000.0000,0.9058344413,271817.4613839929
Bond_Amortizing_FixedAmount_PercentagePrevious,Bond,10,0,2021-02-03,Notional,60000.0000,EUR,#N/A,#N/A,#N/A,#N/A,#N/A,#N/A,#N/A,#N/A,0.9058344413,54350.0664800037
Bond_Amortizing_FixedAmount_PercentagePrevious,Bond,11,0,2022-02-03,Interest,297000.0000,EUR,0.0500000000,1.0000000000,2021-02-03,2022-02-03,0.0000,#N/A,#N/A,5940000.0000,0.8880749778,263758.2684155092
Bond_Amortizing_FixedAmount_PercentagePrevious,Bond,12,0,2022-02-03,Notional,59400.0000,EUR,#N/A,#N/A,#N/A,#N/A,#N/A,#N/A,#N/A,#N/A,0.8880749778,52751.6536831018
Bond_Amortizing_FixedAmount_PercentagePrevious,Bond,13,0,2023-02-03,Interest,294030.0000,EUR,0.0500000000,1.0000000000,2022-02-03,2023-02-03,0.0000,#N/A,#N/A,5880600.0000,0.8706629166,256001.0173716544
Bond_Amortizing_FixedAmount_PercentagePrevious,Bond,14,0,2023-02-03,Notional,58806.0000,EUR,#N/A,#N/A,#N/A,#N/A,#N/A,#N/A,#N/A,#N/A,0.8706629166,51200.2034743308
Bond_Amortizing_FixedAmount_PercentagePrevious,Bond,15,0,2024-02-05,Interest,292608.4478,EUR,0.0500000000,1.0052174564,2023-02-03,2024-02-05,0.0000,#N/A,#N/A,5821794.0000,0.8535149600,249745.6876440827
Bond_Amortizing_FixedAmount_PercentagePrevious,Bond,16,0,2024-02-05,Notional,58217.9400,EUR,#N/A,#N/A,#N/A,#N/A,#N/A,#N/A,#N/A,#N/A,0.8535149600,49689.8827323169
Bond_Amortizing_FixedAmount_PercentagePrevious,Bond,17,0,2025-02-03,Interest,286675.2427,EUR,0.0500000000,0.9947825436,2024-02-05,2025-02-03,0.0000,#N/A,#N/A,5763576.0600,0.8368410472,239901.6102845748
Bond_Amortizing_FixedAmount_PercentagePrevious,Bond,18,0,2025-02-03,Notional,57635.7606,EUR,#N/A,#N/A,#N/A,#N/A,#N/A,#N/A,#N/A,#N/A,0.8368410472,48231.9702586535
Bond_Amortizing_FixedAmount_PercentagePrevious,Bond,19,0,2026-02-03,Interest,285297.0150,EUR,0.0500000000,1.0000000000,2025-02-03,2026-02-03,0.0000,#N/A,#N/A,5705940.2994,0.8204483993,234071.4792461461
Bond_Amortizing_FixedAmount_PercentagePrevious,Bond,20,0,2026-02-03,Notional,5705940.2994,EUR,#N/A,#N/A,#N/A,#N/A,#N/A,#N/A,#N/A,#N/A,0.8204483993,4681429.5849229172
