#TradeId,NettingSetId,CVA,DVA,FBA,FCA,FBAexOwnSP,FCAexOwnSP,FBAexAllSP,FCAexAllSP,COLVA,MVA,OurKVACCR,TheirKVACCR,OurKVACVA,TheirKVACVA,CollateralFloor,AllocatedCVA,AllocatedDVA,AllocationMethod,BaselEPE,BaselEEPE
,CPTY_A,427003.49,190892.66,84918.82,-60867.73,102625.94,-71409.82,115185.62,-78857.46,0.00,0.00,0.00,0.00,0.00,0.00,0.00,427003.49,190892.66,None,3717972.75,3953631.88
CPI_Swap_1,CPTY_A,410387.23,195891.51,87333.60,-58177.42,105142.36,-68639.00,117764.74,-76037.16,#N/A,#N/A,#N/A,#N/A,#N/A,#N/A,#N/A,0.00,0.00,None,2698325.88,2710283.15
CPI_Swap_2,CPTY_A,20434.34,987.30,475.14,-3302.37,498.65,-3407.57,513.20,-3472.27,#N/A,#N/A,#N/A,#N/A,#N/A,#N/A,#N/A,0.00,0.00,None,998370.13,1016351.69
YearOnYear_Swap,CPTY_A,2505.21,4518.11,2195.93,-404.35,2261.44,-417.76,2301.55,-426.00,#N/A,#N/A,#N/A,#N/A,#N/A,#N/A,#N/A,0.00,0.00,None,152184.99,268004.94
