WARNING  [2020-Dec-03 00:24:57.493885] (...cdsvolcurveconfig.cpp:86) : Using an Expiries node only in CDSVolatilityCurveConfig is deprecated. A volatility configuration node should be used instead.
ALERT    [2020-Dec-03 00:24:58.409070] (...orea\app\oreapp.cpp:1145) : dim calculator not set, create RegressionDynamicInitialMarginCalculator
