#TradeId,Date,Time,EPE,ENE,AllocatedEPE,AllocatedENE,PFE,BaselEE,BaselEEE
XCCY_Swap_EUR_USD,2016-02-05,0.000000,0,12264706,0,0,0,0,0
XCCY_Swap_EUR_USD,2016-03-07,0.084699,0,12169208,0,0,0,0,0
XCCY_Swap_EUR_USD,2016-04-05,0.163934,0,12069395,0,0,0,0,0
XCCY_Swap_EUR_USD,2016-05-06,0.248634,61108,12186392,0,0,0,61416,61416
XCCY_Swap_EUR_USD,2016-06-06,0.333333,255872,12245971,0,0,1987574,257603,257603
XCCY_Swap_EUR_USD,2016-07-05,0.412568,196039,12180176,0,0,1155439,197682,257603
XCCY_Swap_EUR_USD,2016-08-05,0.497268,358043,11962930,0,0,4055797,361664,361664
XCCY_Swap_EUR_USD,2016-09-06,0.584699,414565,12146270,0,0,3519210,419481,419481
XCCY_Swap_EUR_USD,2016-10-05,0.663934,502216,12361089,0,0,5441784,508964,508964
XCCY_Swap_EUR_USD,2016-11-07,0.754098,668070,12598032,0,0,7682316,678251,678251
XCCY_Swap_EUR_USD,2016-12-05,0.830601,602935,12423794,0,0,6395226,613046,678251
XCCY_Swap_EUR_USD,2017-01-05,0.915330,684545,12635599,0,0,7795689,697186,697186
XCCY_Swap_EUR_USD,2017-02-06,1.003002,846137,11574953,0,0,5310587,863247,863247
XCCY_Swap_EUR_USD,2017-03-06,1.079714,727236,11650055,0,0,5737271,743061,863247
XCCY_Swap_EUR_USD,2017-04-05,1.161906,705302,11623832,0,0,5850354,721813,863247
XCCY_Swap_EUR_USD,2017-05-05,1.244098,795426,11524833,0,0,7059235,815362,863247
XCCY_Swap_EUR_USD,2017-06-06,1.331769,1083359,11779721,0,0,8653171,1112426,1112426
XCCY_Swap_EUR_USD,2017-07-05,1.411221,1012290,11781969,0,0,6958262,1041073,1112426
XCCY_Swap_EUR_USD,2017-08-07,1.501632,1311857,11118252,0,0,8162999,1351555,1351555
XCCY_Swap_EUR_USD,2017-09-05,1.581084,1304639,11225047,0,0,8586944,1346217,1351555
XCCY_Swap_EUR_USD,2017-10-05,1.663276,1671526,11579585,0,0,10680879,1727584,1727584
XCCY_Swap_EUR_USD,2017-11-06,1.750947,1724978,11540543,0,0,12142983,1785900,1785900
XCCY_Swap_EUR_USD,2017-12-05,1.830399,1935181,11716702,0,0,15865630,2006656,2006656
XCCY_Swap_EUR_USD,2018-01-05,1.915330,1850496,11896257,0,0,12029907,1922046,2006656
XCCY_Swap_EUR_USD,2018-02-05,2.000262,2292046,10972649,0,0,14917877,2384643,2384643
XCCY_Swap_EUR_USD,2018-03-05,2.076974,2663901,11250336,0,0,16963940,2775729,2775729
XCCY_Swap_EUR_USD,2018-04-05,2.161906,2432938,11181127,0,0,15930997,2539337,2775729
XCCY_Swap_EUR_USD,2018-05-08,2.252317,2463546,11188995,0,0,15586113,2575891,2775729
XCCY_Swap_EUR_USD,2018-06-05,2.329029,2845338,11481107,0,0,17777966,2979617,2979617
XCCY_Swap_EUR_USD,2018-07-05,2.411221,2827101,11521147,0,0,17804726,2965342,2979617
XCCY_Swap_EUR_USD,2018-08-06,2.498892,3162914,10912232,0,0,18373798,3323340,3323340
XCCY_Swap_EUR_USD,2018-09-05,2.581084,3581327,11181365,0,0,15700800,3769104,3769104
XCCY_Swap_EUR_USD,2018-10-05,2.663276,3571796,11198418,0,0,16049924,3765197,3769104
XCCY_Swap_EUR_USD,2018-11-05,2.748207,3286843,10886885,0,0,16107451,3470646,3769104
XCCY_Swap_EUR_USD,2018-12-05,2.830399,3426693,10963831,0,0,20846034,3624210,3769104
XCCY_Swap_EUR_USD,2019-01-07,2.920810,3458233,11041693,0,0,17547666,3664122,3769104
XCCY_Swap_EUR_USD,2019-02-05,3.000262,4070020,10547277,0,0,20321748,4319123,4319123
XCCY_Swap_EUR_USD,2019-03-05,3.076974,4435199,10779582,0,0,21722502,4713807,4713807
XCCY_Swap_EUR_USD,2019-04-05,3.161906,4403668,10730661,0,0,19849896,4688173,4713807
XCCY_Swap_EUR_USD,2019-05-07,3.249577,4773197,10871199,0,0,23000952,5090406,5090406
XCCY_Swap_EUR_USD,2019-06-05,3.329029,5294258,11098007,0,0,21746340,5654984,5654984
XCCY_Swap_EUR_USD,2019-07-05,3.411221,4971986,10947046,0,0,23366802,5319404,5654984
XCCY_Swap_EUR_USD,2019-08-05,3.496152,5832074,10804753,0,0,27213394,6250092,6250092
XCCY_Swap_EUR_USD,2019-09-05,3.581084,5642526,10856738,0,0,25414582,6057137,6250092
XCCY_Swap_EUR_USD,2019-10-07,3.668755,5627104,10769560,0,0,23791200,6051077,6250092
XCCY_Swap_EUR_USD,2019-11-05,3.748207,5877988,11008525,0,0,24889838,6330816,6330816
XCCY_Swap_EUR_USD,2019-12-05,3.830399,5615863,10942163,0,0,22372824,6058349,6330816
XCCY_Swap_EUR_USD,2020-01-06,3.918033,5488846,10938299,0,0,19337752,5931612,6330816
XCCY_Swap_EUR_USD,2020-02-05,4.000000,5838178,10344173,0,0,22618584,6319401,6330816
XCCY_Swap_EUR_USD,2020-03-05,4.079235,5923588,10278586,0,0,27164558,6421923,6421923
XCCY_Swap_EUR_USD,2020-04-06,4.166667,6344204,10571218,0,0,34468116,6889841,6889841
XCCY_Swap_EUR_USD,2020-05-05,4.245902,7155335,11109687,0,0,34982708,7782935,7782935
XCCY_Swap_EUR_USD,2020-06-05,4.330601,6984254,11062066,0,0,31604140,7609600,7782935
XCCY_Swap_EUR_USD,2020-07-06,4.415301,6981882,11088306,0,0,35808516,7619784,7782935
XCCY_Swap_EUR_USD,2020-08-05,4.497268,7133640,10504534,0,0,36493392,7798054,7798054
XCCY_Swap_EUR_USD,2020-09-08,4.590164,7134227,10743323,0,0,37981248,7813053,7813053
XCCY_Swap_EUR_USD,2020-10-05,4.663934,7419567,10948754,0,0,41633096,8137421,8137421
XCCY_Swap_EUR_USD,2020-11-05,4.748634,7319391,10833004,0,0,35649724,8041027,8137421
XCCY_Swap_EUR_USD,2020-12-07,4.836066,7440774,11025752,0,0,34122476,8188542,8188542
XCCY_Swap_EUR_USD,2021-01-05,4.915330,7383637,10982769,0,0,29750214,8138420,8188542
XCCY_Swap_EUR_USD,2021-02-05,5.000262,7746212,10511368,0,0,30396132,8552391,8552391
XCCY_Swap_EUR_USD,2021-03-05,5.076974,8212502,10701767,0,0,33192232,9080987,9080987
XCCY_Swap_EUR_USD,2021-04-06,5.164646,8222440,10744902,0,0,31839182,9107774,9107774
XCCY_Swap_EUR_USD,2021-05-05,5.244098,8311817,10530290,0,0,31949454,9221271,9221271
XCCY_Swap_EUR_USD,2021-06-07,5.334509,8631633,10670690,0,0,39353124,9593239,9593239
XCCY_Swap_EUR_USD,2021-07-06,5.413961,8618390,10612837,0,0,46280684,9593602,9593602
XCCY_Swap_EUR_USD,2021-08-05,5.496152,8699509,10022916,0,0,43983172,9699673,9699673
XCCY_Swap_EUR_USD,2021-09-07,5.586563,8860503,10167145,0,0,47546296,9896879,9896879
XCCY_Swap_EUR_USD,2021-10-05,5.663276,8700928,10027769,0,0,43191792,9733412,9896879
XCCY_Swap_EUR_USD,2021-11-05,5.748207,9276706,10365664,0,0,46606600,10394981,10394981
XCCY_Swap_EUR_USD,2021-12-06,5.833139,9639159,10678639,0,0,44649176,10819307,10819307
XCCY_Swap_EUR_USD,2022-01-05,5.915330,9795951,10899788,0,0,40045648,11013205,11013205
XCCY_Swap_EUR_USD,2022-02-07,6.005741,10016051,10416261,0,0,46427436,11280832,11280832
XCCY_Swap_EUR_USD,2022-03-07,6.082454,9874909,10322935,0,0,48836604,11138774,11280832
XCCY_Swap_EUR_USD,2022-04-05,6.161906,9560336,10056973,0,0,44680008,10800919,11280832
XCCY_Swap_EUR_USD,2022-05-05,6.244098,9347302,10083797,0,0,42521212,10577442,11280832
XCCY_Swap_EUR_USD,2022-06-07,6.334509,9503271,9967202,0,0,43008184,10773207,11280832
XCCY_Swap_EUR_USD,2022-07-05,6.411221,10498827,10472795,0,0,56914924,11919893,11919893
XCCY_Swap_EUR_USD,2022-08-05,6.496152,10510697,10101799,0,0,58135288,11953455,11953455
XCCY_Swap_EUR_USD,2022-09-06,6.583824,10686673,10143395,0,0,49009908,12174703,12174703
XCCY_Swap_EUR_USD,2022-10-05,6.663276,11527505,10647955,0,0,61272576,13153291,13153291
XCCY_Swap_EUR_USD,2022-11-07,6.753687,11853843,10797295,0,0,63763844,13549891,13549891
XCCY_Swap_EUR_USD,2022-12-05,6.830399,11892607,10812430,0,0,66796192,13614866,13614866
XCCY_Swap_EUR_USD,2023-01-05,6.915330,11909111,10794277,0,0,67673288,13656708,13656708
XCCY_Swap_EUR_USD,2023-02-06,7.003002,12082146,10537104,0,0,68884480,13879209,13879209
XCCY_Swap_EUR_USD,2023-03-06,7.079714,12120752,10671774,0,0,70077944,13944706,13944706
XCCY_Swap_EUR_USD,2023-04-05,7.161906,11699675,10477373,0,0,71562896,13482169,13944706
XCCY_Swap_EUR_USD,2023-05-05,7.244098,11407408,10374573,0,0,60596388,13166766,13944706
XCCY_Swap_EUR_USD,2023-06-05,7.329029,11165397,10328353,0,0,63238260,12909100,13944706
XCCY_Swap_EUR_USD,2023-07-05,7.411221,10891572,10324007,0,0,59447992,12613005,13944706
XCCY_Swap_EUR_USD,2023-08-07,7.501632,10997136,10036123,0,0,53956852,12758052,13944706
XCCY_Swap_EUR_USD,2023-09-05,7.581084,10930945,10087560,0,0,55284736,12701210,13944706
XCCY_Swap_EUR_USD,2023-10-05,7.663276,10633121,9940947,0,0,56570216,12375261,13944706
XCCY_Swap_EUR_USD,2023-11-06,7.750947,10201004,9737729,0,0,55306292,11892954,13944706
XCCY_Swap_EUR_USD,2023-12-05,7.830399,9740970,9551312,0,0,51268136,11374483,13944706
XCCY_Swap_EUR_USD,2024-01-05,7.915301,9746625,9620455,0,0,53344520,11400225,13944706
XCCY_Swap_EUR_USD,2024-02-05,8.000000,10058553,9469133,0,0,55553040,11784858,13944706
XCCY_Swap_EUR_USD,2024-03-05,8.079235,10701340,9733036,0,0,55305468,12557686,13944706
XCCY_Swap_EUR_USD,2024-04-05,8.163934,11213913,9976887,0,0,57571016,13181304,13944706
XCCY_Swap_EUR_USD,2024-05-07,8.251366,10575359,9899881,0,0,54298812,12452299,13944706
XCCY_Swap_EUR_USD,2024-06-05,8.330601,10778200,10032217,0,0,58200256,12711105,13944706
XCCY_Swap_EUR_USD,2024-07-05,8.412568,11022316,10091784,0,0,65587576,13020153,13944706
XCCY_Swap_EUR_USD,2024-08-05,8.497268,11189982,9792208,0,0,63413528,13240438,13944706
XCCY_Swap_EUR_USD,2024-09-05,8.581967,11402213,10053554,0,0,66158428,13514246,13944706
XCCY_Swap_EUR_USD,2024-10-07,8.669399,11525681,10032845,0,0,67198824,13684297,13944706
XCCY_Swap_EUR_USD,2024-11-05,8.748634,11707448,10172140,0,0,65193156,13921973,13944706
XCCY_Swap_EUR_USD,2024-12-05,8.830601,11620214,10323381,0,0,58667028,13840724,13944706
XCCY_Swap_EUR_USD,2025-01-06,8.918070,11561607,10374162,0,0,59427272,13794824,13944706
XCCY_Swap_EUR_USD,2025-02-05,9.000262,12064114,10061515,0,0,57187184,14417818,14417818
XCCY_Swap_EUR_USD,2025-03-05,9.076974,12063667,9875531,0,0,59098904,14439180,14439180
XCCY_Swap_EUR_USD,2025-04-07,9.167385,12023698,9708543,0,0,61781464,14417104,14439180
XCCY_Swap_EUR_USD,2025-05-06,9.246837,11916782,9770958,0,0,59090260,14311383,14439180
XCCY_Swap_EUR_USD,2025-06-05,9.329029,12138610,9941049,0,0,62286352,14601509,14601509
XCCY_Swap_EUR_USD,2025-07-07,9.416700,12209387,10128992,0,0,56243508,14712141,14712141
XCCY_Swap_EUR_USD,2025-08-05,9.496152,12478168,9854483,0,0,58939464,15059671,15059671
XCCY_Swap_EUR_USD,2025-09-05,9.581084,12811831,10167156,0,0,60670672,15488364,15488364
XCCY_Swap_EUR_USD,2025-10-06,9.666015,12947115,10337004,0,0,59528740,15678232,15678232
XCCY_Swap_EUR_USD,2025-11-05,9.748207,13006506,10429101,0,0,66212844,15775781,15775781
XCCY_Swap_EUR_USD,2025-12-05,9.830399,12529857,10471200,0,0,62115460,15222378,15775781
XCCY_Swap_EUR_USD,2026-01-05,9.915330,12936378,10773795,0,0,62253944,15742685,15775781
XCCY_Swap_EUR_USD,2026-02-05,10.000262,0,0,0,0,0,0,15775781
XCCY_Swap_EUR_USD,2026-03-05,10.076974,0,0,0,0,0,0,15775781
