#TradeId,TradeType,Maturity,MaturityTime,NPV,NpvCurrency,NPV(Base),BaseCurrency,Notional,NotionalCurrency,Notional(Base),NettingSet,CounterParty
XCCY_Swap_EUR_USD,Swap,2026-02-05,10.000262,-13892754.361581,USD,-12267177.886146,EUR,100000000.00,USD,88299105.90,CPTY_A,CPTY_A
XCCY_Swap_EUR_USD_RESET,Swap,2026-02-05,10.000262,-14281759.043483,USD,-12610665.542175,EUR,100000000.00,USD,88299105.90,CPTY_A,CPTY_A
