#TradeId,TradeType,Maturity,MaturityTime,NPV,NpvCurrency,NPV(Base),BaseCurrency,Notional,NotionalCurrency,Notional(Base),NettingSet,CounterParty
Swap_1,Swap,2027-03-03,11.071495,-1415263.808642,GBP,-1743068.816390,EUR,40000000.00,GBP,49264845.35,CPTY_A,CPTY_A
Swap_3,Swap,2024-11-01,8.737705,1905666.837981,USD,1682950.250659,EUR,50000000.00,USD,44156465.79,CPTY_A,CPTY_A
Swap_2,Swap,2026-09-07,10.586563,1317437.185655,EUR,1317437.185655,EUR,30000000.00,EUR,30000000.00,CPTY_A,CPTY_A
