#TradeId,NettingSetId,CVA,DVA,FBA,FCA,FBAexOwnSP,FCAexOwnSP,FBAexAllSP,FCAexAllSP,COLVA,MVA,OurKVACCR,TheirKVACCR,OurKVACVA,TheirKVACVA,CollateralFloor,AllocatedCVA,AllocatedDVA,AllocationMethod,BaselEPE,BaselEEPE
,CPTY_A,720972.25,36498.23,17155.97,-114181.56,18809.76,-120305.17,19876.13,-124175.84,0.00,0.00,0.00,0.00,0.00,0.00,0.00,720972.25,36498.23,None,25661613.12,29888016.85
EqCall_SP5,CPTY_A,1839.05,0.00,0.00,-302.72,0.00,-306.59,0.00,-308.92,#N/A,#N/A,#N/A,#N/A,#N/A,#N/A,#N/A,0.00,0.00,None,177864.68,179781.38
EqPut_SP5,CPTY_A,0.00,3636.68,1782.92,0.00,1805.55,0.00,1819.12,0.00,#N/A,#N/A,#N/A,#N/A,#N/A,#N/A,#N/A,0.00,0.00,None,0.00,0.00
EqFwd_SP5,CPTY_A,1445.12,1877.94,919.35,-237.32,934.06,-240.91,942.89,-243.07,#N/A,#N/A,#N/A,#N/A,#N/A,#N/A,#N/A,0.00,0.00,None,84827.94,84827.94
EqCall_Luft,CPTY_A,22.29,0.00,0.00,-3.66,0.00,-3.72,0.00,-3.75,#N/A,#N/A,#N/A,#N/A,#N/A,#N/A,#N/A,0.00,0.00,None,1890.52,1907.03
EqPut_Luft,CPTY_A,16.95,0.00,0.00,-2.78,0.00,-2.83,0.00,-2.85,#N/A,#N/A,#N/A,#N/A,#N/A,#N/A,#N/A,0.00,0.00,None,1466.20,1475.35
EqForwardTrade_Luft,CPTY_A,16.36,18.47,9.03,-2.68,9.19,-2.73,9.29,-2.76,#N/A,#N/A,#N/A,#N/A,#N/A,#N/A,#N/A,0.00,0.00,None,876.24,876.24
EquitySwap_1,CPTY_A,541547.74,6949.23,3238.42,-85905.18,3607.26,-90360.80,3847.20,-93172.88,#N/A,#N/A,#N/A,#N/A,#N/A,#N/A,#N/A,0.00,0.00,None,19734667.85,22138296.00
EquitySwap_2,CPTY_A,191612.10,49653.24,23525.47,-30189.20,25417.07,-31978.33,26626.16,-33113.32,#N/A,#N/A,#N/A,#N/A,#N/A,#N/A,#N/A,0.00,0.00,None,6010306.59,7745975.00
