#TradeId,Date,Time,EPE,ENE,AllocatedEPE,AllocatedENE,PFE,BaselEE,BaselEEE
averageOIS,2016-02-05,0.000000,2215,0,0,0,2215,2215,2215
averageOIS,2016-03-07,0.084699,467249,445568,0,0,2111354,467181,467181
averageOIS,2016-04-05,0.163934,731512,684317,0,0,3096557,731268,731268
averageOIS,2016-05-06,0.248634,932598,938847,0,0,3244514,932063,932063
averageOIS,2016-06-06,0.333333,898582,956650,0,0,3945463,897850,932063
averageOIS,2016-07-05,0.412568,943372,1012347,0,0,3938213,942337,942337
averageOIS,2016-08-05,0.497268,1052893,1058251,0,0,4373993,1051529,1051529
averageOIS,2016-09-06,0.584699,1346632,896798,0,0,5472211,1344432,1344432
averageOIS,2016-10-05,0.663934,1367503,990211,0,0,5598067,1364915,1364915
averageOIS,2016-11-07,0.754098,1579264,1224522,0,0,5141889,1575610,1575610
averageOIS,2016-12-05,0.830601,1397686,1258355,0,0,4462296,1394049,1575610
averageOIS,2017-01-05,0.915330,1501908,1374151,0,0,5867737,1497555,1575610
averageOIS,2017-02-06,1.003002,1624941,1513509,0,0,6541477,1619784,1619784
averageOIS,2017-03-06,1.079714,1837961,1294052,0,0,6564712,1831569,1831569
averageOIS,2017-04-05,1.161906,1745122,1170409,0,0,5230795,1738463,1831569
averageOIS,2017-05-05,1.244098,1783138,1188064,0,0,5557440,1775730,1831569
averageOIS,2017-06-06,1.331769,1786803,1341267,0,0,5849297,1778829,1831569
averageOIS,2017-07-05,1.411221,1806580,1360992,0,0,5778810,1798027,1831569
averageOIS,2017-08-07,1.501632,1856072,1280190,0,0,6205564,1846712,1846712
averageOIS,2017-09-05,1.581084,2063102,1166171,0,0,6522533,2052116,2052116
averageOIS,2017-10-05,1.663276,2110254,1224262,0,0,6645195,2098398,2098398
averageOIS,2017-11-06,1.750947,2037807,1134215,0,0,6688341,2025721,2098398
averageOIS,2017-12-05,1.830399,1868943,1088900,0,0,6159059,1857239,2098398
averageOIS,2018-01-05,1.915330,1904415,1082259,0,0,6434663,1891797,2098398
averageOIS,2018-02-05,2.000262,2108832,1155396,0,0,7292693,2094095,2098398
averageOIS,2018-03-05,2.076974,2113095,959828,0,0,6349152,2097869,2098398
averageOIS,2018-04-05,2.161906,2148136,1041511,0,0,6728096,2132226,2132226
averageOIS,2018-05-08,2.252317,2146893,1022837,0,0,6933970,2130533,2132226
averageOIS,2018-06-05,2.329029,1773061,1069169,0,0,6785884,1759228,2132226
averageOIS,2018-07-05,2.411221,1739562,1105381,0,0,6697093,1725653,2132226
averageOIS,2018-08-06,2.498892,1742779,1105634,0,0,6999177,1728483,2132226
averageOIS,2018-09-05,2.581084,1734542,976448,0,0,7242684,1719977,2132226
averageOIS,2018-10-05,2.663276,1717603,986326,0,0,7176399,1702847,2132226
averageOIS,2018-11-05,2.748207,1722190,969418,0,0,7701905,1707049,2132226
averageOIS,2018-12-05,2.830399,1425064,1082425,0,0,6761678,1412259,2132226
averageOIS,2019-01-07,2.920810,1377656,1084795,0,0,7095817,1364984,2132226
averageOIS,2019-02-05,3.000262,1372642,1098438,0,0,5939703,1359758,2132226
averageOIS,2019-03-05,3.076974,1342560,873092,0,0,5303766,1329848,2132226
averageOIS,2019-04-05,3.161906,1318425,852616,0,0,5119946,1305871,2132226
averageOIS,2019-05-07,3.249577,1404241,910733,0,0,5341424,1390791,2132226
averageOIS,2019-06-05,3.329029,1151097,948288,0,0,4222797,1140013,2132226
averageOIS,2019-07-05,3.411221,1143571,863941,0,0,4208422,1132500,2132226
averageOIS,2019-08-05,3.496152,1197366,977783,0,0,4745208,1185709,2132226
averageOIS,2019-09-05,3.581084,1185741,725150,0,0,4280199,1174133,2132226
averageOIS,2019-10-07,3.668755,1206595,773587,0,0,4319944,1194715,2132226
averageOIS,2019-11-05,3.748207,1214982,789810,0,0,4028607,1202959,2132226
averageOIS,2019-12-05,3.830399,850909,733046,0,0,3164602,842444,2132226
averageOIS,2020-01-06,3.918033,859119,767862,0,0,3243039,850525,2132226
averageOIS,2020-02-05,4.000000,891272,800444,0,0,3299217,882309,2132226
averageOIS,2020-03-05,4.079235,858707,554406,0,0,2796296,850128,2132226
averageOIS,2020-04-06,4.166667,856236,542912,0,0,2784346,847772,2132226
averageOIS,2020-05-05,4.245902,873519,551465,0,0,2832362,864968,2132226
averageOIS,2020-06-05,4.330601,518650,539898,0,0,1703299,513627,2132226
averageOIS,2020-07-06,4.415301,537632,556785,0,0,1864925,532480,2132226
averageOIS,2020-08-05,4.497268,547609,570546,0,0,1845495,542416,2132226
averageOIS,2020-09-08,4.590164,455187,300129,0,0,1557886,450922,2132226
averageOIS,2020-10-05,4.663934,479462,307997,0,0,1602521,475013,2132226
averageOIS,2020-11-05,4.748634,478019,312310,0,0,1713062,473632,2132226
averageOIS,2020-12-07,4.836066,122301,285384,0,0,585667,121192,2132226
averageOIS,2021-01-05,4.915330,131003,276390,0,0,705159,129828,2132226
averageOIS,2021-02-05,5.000262,132950,277951,0,0,694559,131770,2132226
averageOIS,2021-03-05,5.076974,0,0,0,0,0,0,2132226
averageOIS,2021-04-06,5.164646,0,0,0,0,0,0,2132226
averageOIS,2021-05-05,5.244098,0,0,0,0,0,0,2132226
averageOIS,2021-06-07,5.334509,0,0,0,0,0,0,2132226
averageOIS,2021-07-06,5.413961,0,0,0,0,0,0,2132226
averageOIS,2021-08-05,5.496152,0,0,0,0,0,0,2132226
averageOIS,2021-09-07,5.586563,0,0,0,0,0,0,2132226
averageOIS,2021-10-05,5.663276,0,0,0,0,0,0,2132226
averageOIS,2021-11-05,5.748207,0,0,0,0,0,0,2132226
averageOIS,2021-12-06,5.833139,0,0,0,0,0,0,2132226
averageOIS,2022-01-05,5.915330,0,0,0,0,0,0,2132226
averageOIS,2022-02-07,6.005741,0,0,0,0,0,0,2132226
averageOIS,2022-03-07,6.082454,0,0,0,0,0,0,2132226
averageOIS,2022-04-05,6.161906,0,0,0,0,0,0,2132226
averageOIS,2022-05-05,6.244098,0,0,0,0,0,0,2132226
averageOIS,2022-06-07,6.334509,0,0,0,0,0,0,2132226
averageOIS,2022-07-05,6.411221,0,0,0,0,0,0,2132226
averageOIS,2022-08-05,6.496152,0,0,0,0,0,0,2132226
averageOIS,2022-09-06,6.583824,0,0,0,0,0,0,2132226
averageOIS,2022-10-05,6.663276,0,0,0,0,0,0,2132226
averageOIS,2022-11-07,6.753687,0,0,0,0,0,0,2132226
averageOIS,2022-12-05,6.830399,0,0,0,0,0,0,2132226
averageOIS,2023-01-05,6.915330,0,0,0,0,0,0,2132226
averageOIS,2023-02-06,7.003002,0,0,0,0,0,0,2132226
averageOIS,2023-03-06,7.079714,0,0,0,0,0,0,2132226
averageOIS,2023-04-05,7.161906,0,0,0,0,0,0,2132226
averageOIS,2023-05-05,7.244098,0,0,0,0,0,0,2132226
averageOIS,2023-06-05,7.329029,0,0,0,0,0,0,2132226
averageOIS,2023-07-05,7.411221,0,0,0,0,0,0,2132226
averageOIS,2023-08-07,7.501632,0,0,0,0,0,0,2132226
averageOIS,2023-09-05,7.581084,0,0,0,0,0,0,2132226
averageOIS,2023-10-05,7.663276,0,0,0,0,0,0,2132226
averageOIS,2023-11-06,7.750947,0,0,0,0,0,0,2132226
averageOIS,2023-12-05,7.830399,0,0,0,0,0,0,2132226
averageOIS,2024-01-05,7.915301,0,0,0,0,0,0,2132226
averageOIS,2024-02-05,8.000000,0,0,0,0,0,0,2132226
averageOIS,2024-03-05,8.079235,0,0,0,0,0,0,2132226
averageOIS,2024-04-05,8.163934,0,0,0,0,0,0,2132226
averageOIS,2024-05-07,8.251366,0,0,0,0,0,0,2132226
averageOIS,2024-06-05,8.330601,0,0,0,0,0,0,2132226
averageOIS,2024-07-05,8.412568,0,0,0,0,0,0,2132226
averageOIS,2024-08-05,8.497268,0,0,0,0,0,0,2132226
averageOIS,2024-09-05,8.581967,0,0,0,0,0,0,2132226
averageOIS,2024-10-07,8.669399,0,0,0,0,0,0,2132226
averageOIS,2024-11-05,8.748634,0,0,0,0,0,0,2132226
averageOIS,2024-12-05,8.830601,0,0,0,0,0,0,2132226
averageOIS,2025-01-06,8.918070,0,0,0,0,0,0,2132226
averageOIS,2025-02-05,9.000262,0,0,0,0,0,0,2132226
averageOIS,2025-03-05,9.076974,0,0,0,0,0,0,2132226
averageOIS,2025-04-07,9.167385,0,0,0,0,0,0,2132226
averageOIS,2025-05-06,9.246837,0,0,0,0,0,0,2132226
averageOIS,2025-06-05,9.329029,0,0,0,0,0,0,2132226
averageOIS,2025-07-07,9.416700,0,0,0,0,0,0,2132226
averageOIS,2025-08-05,9.496152,0,0,0,0,0,0,2132226
averageOIS,2025-09-05,9.581084,0,0,0,0,0,0,2132226
averageOIS,2025-10-06,9.666015,0,0,0,0,0,0,2132226
averageOIS,2025-11-05,9.748207,0,0,0,0,0,0,2132226
averageOIS,2025-12-05,9.830399,0,0,0,0,0,0,2132226
averageOIS,2026-01-05,9.915330,0,0,0,0,0,0,2132226
averageOIS,2026-02-05,10.000262,0,0,0,0,0,0,2132226
averageOIS,2026-03-05,10.076974,0,0,0,0,0,0,2132226
averageOIS,2026-04-07,10.167385,0,0,0,0,0,0,2132226
averageOIS,2026-05-05,10.244098,0,0,0,0,0,0,2132226
averageOIS,2026-06-05,10.329029,0,0,0,0,0,0,2132226
averageOIS,2026-07-06,10.413961,0,0,0,0,0,0,2132226
averageOIS,2026-08-05,10.496152,0,0,0,0,0,0,2132226
averageOIS,2026-09-08,10.589303,0,0,0,0,0,0,2132226
averageOIS,2026-10-05,10.663276,0,0,0,0,0,0,2132226
averageOIS,2026-11-05,10.748207,0,0,0,0,0,0,2132226
averageOIS,2026-12-07,10.835878,0,0,0,0,0,0,2132226
averageOIS,2027-01-05,10.915330,0,0,0,0,0,0,2132226
averageOIS,2027-02-05,11.000262,0,0,0,0,0,0,2132226
averageOIS,2027-03-05,11.076974,0,0,0,0,0,0,2132226
averageOIS,2027-04-05,11.161906,0,0,0,0,0,0,2132226
averageOIS,2027-05-05,11.244098,0,0,0,0,0,0,2132226
averageOIS,2027-06-07,11.334509,0,0,0,0,0,0,2132226
averageOIS,2027-07-06,11.413961,0,0,0,0,0,0,2132226
averageOIS,2027-08-05,11.496152,0,0,0,0,0,0,2132226
averageOIS,2027-09-07,11.586563,0,0,0,0,0,0,2132226
averageOIS,2027-10-05,11.663276,0,0,0,0,0,0,2132226
averageOIS,2027-11-05,11.748207,0,0,0,0,0,0,2132226
averageOIS,2027-12-06,11.833139,0,0,0,0,0,0,2132226
averageOIS,2028-01-05,11.915301,0,0,0,0,0,0,2132226
averageOIS,2028-02-07,12.005464,0,0,0,0,0,0,2132226
averageOIS,2028-03-06,12.081967,0,0,0,0,0,0,2132226
averageOIS,2028-04-05,12.163934,0,0,0,0,0,0,2132226
averageOIS,2028-05-05,12.245902,0,0,0,0,0,0,2132226
averageOIS,2028-06-06,12.333333,0,0,0,0,0,0,2132226
averageOIS,2028-07-05,12.412568,0,0,0,0,0,0,2132226
averageOIS,2028-08-07,12.502732,0,0,0,0,0,0,2132226
averageOIS,2028-09-05,12.581967,0,0,0,0,0,0,2132226
averageOIS,2028-10-05,12.663934,0,0,0,0,0,0,2132226
averageOIS,2028-11-06,12.751366,0,0,0,0,0,0,2132226
averageOIS,2028-12-05,12.830601,0,0,0,0,0,0,2132226
averageOIS,2029-01-05,12.915330,0,0,0,0,0,0,2132226
averageOIS,2029-02-05,13.000262,0,0,0,0,0,0,2132226
averageOIS,2029-03-05,13.076974,0,0,0,0,0,0,2132226
averageOIS,2029-04-05,13.161906,0,0,0,0,0,0,2132226
averageOIS,2029-05-08,13.252317,0,0,0,0,0,0,2132226
averageOIS,2029-06-05,13.329029,0,0,0,0,0,0,2132226
averageOIS,2029-07-05,13.411221,0,0,0,0,0,0,2132226
averageOIS,2029-08-06,13.498892,0,0,0,0,0,0,2132226
averageOIS,2029-09-05,13.581084,0,0,0,0,0,0,2132226
averageOIS,2029-10-05,13.663276,0,0,0,0,0,0,2132226
averageOIS,2029-11-05,13.748207,0,0,0,0,0,0,2132226
averageOIS,2029-12-05,13.830399,0,0,0,0,0,0,2132226
averageOIS,2030-01-07,13.920810,0,0,0,0,0,0,2132226
averageOIS,2030-02-05,14.000262,0,0,0,0,0,0,2132226
averageOIS,2030-03-05,14.076974,0,0,0,0,0,0,2132226
averageOIS,2030-04-05,14.161906,0,0,0,0,0,0,2132226
averageOIS,2030-05-07,14.249577,0,0,0,0,0,0,2132226
averageOIS,2030-06-05,14.329029,0,0,0,0,0,0,2132226
averageOIS,2030-07-05,14.411221,0,0,0,0,0,0,2132226
averageOIS,2030-08-05,14.496152,0,0,0,0,0,0,2132226
averageOIS,2030-09-05,14.581084,0,0,0,0,0,0,2132226
averageOIS,2030-10-07,14.668755,0,0,0,0,0,0,2132226
averageOIS,2030-11-05,14.748207,0,0,0,0,0,0,2132226
averageOIS,2030-12-05,14.830399,0,0,0,0,0,0,2132226
averageOIS,2031-01-06,14.918070,0,0,0,0,0,0,2132226
averageOIS,2031-02-05,15.000262,0,0,0,0,0,0,2132226
averageOIS,2031-03-05,15.076974,0,0,0,0,0,0,2132226
averageOIS,2031-04-07,15.167385,0,0,0,0,0,0,2132226
averageOIS,2031-05-06,15.246837,0,0,0,0,0,0,2132226
averageOIS,2031-06-05,15.329029,0,0,0,0,0,0,2132226
averageOIS,2031-07-07,15.416700,0,0,0,0,0,0,2132226
averageOIS,2031-08-05,15.496152,0,0,0,0,0,0,2132226
averageOIS,2031-09-05,15.581084,0,0,0,0,0,0,2132226
averageOIS,2031-10-06,15.666015,0,0,0,0,0,0,2132226
averageOIS,2031-11-05,15.748207,0,0,0,0,0,0,2132226
averageOIS,2031-12-05,15.830399,0,0,0,0,0,0,2132226
averageOIS,2032-01-05,15.915301,0,0,0,0,0,0,2132226
averageOIS,2032-02-05,16.000000,0,0,0,0,0,0,2132226
averageOIS,2032-03-05,16.079235,0,0,0,0,0,0,2132226
averageOIS,2032-04-05,16.163934,0,0,0,0,0,0,2132226
averageOIS,2032-05-05,16.245902,0,0,0,0,0,0,2132226
averageOIS,2032-06-07,16.336066,0,0,0,0,0,0,2132226
averageOIS,2032-07-06,16.415301,0,0,0,0,0,0,2132226
averageOIS,2032-08-05,16.497268,0,0,0,0,0,0,2132226
averageOIS,2032-09-07,16.587432,0,0,0,0,0,0,2132226
averageOIS,2032-10-05,16.663934,0,0,0,0,0,0,2132226
averageOIS,2032-11-05,16.748634,0,0,0,0,0,0,2132226
averageOIS,2032-12-06,16.833333,0,0,0,0,0,0,2132226
averageOIS,2033-01-05,16.915330,0,0,0,0,0,0,2132226
averageOIS,2033-02-07,17.005741,0,0,0,0,0,0,2132226
averageOIS,2033-03-07,17.082454,0,0,0,0,0,0,2132226
averageOIS,2033-04-05,17.161906,0,0,0,0,0,0,2132226
averageOIS,2033-05-05,17.244098,0,0,0,0,0,0,2132226
averageOIS,2033-06-07,17.334509,0,0,0,0,0,0,2132226
averageOIS,2033-07-05,17.411221,0,0,0,0,0,0,2132226
averageOIS,2033-08-05,17.496152,0,0,0,0,0,0,2132226
averageOIS,2033-09-06,17.583824,0,0,0,0,0,0,2132226
averageOIS,2033-10-05,17.663276,0,0,0,0,0,0,2132226
averageOIS,2033-11-07,17.753687,0,0,0,0,0,0,2132226
averageOIS,2033-12-05,17.830399,0,0,0,0,0,0,2132226
averageOIS,2034-01-05,17.915330,0,0,0,0,0,0,2132226
averageOIS,2034-02-06,18.003002,0,0,0,0,0,0,2132226
averageOIS,2034-03-06,18.079714,0,0,0,0,0,0,2132226
averageOIS,2034-04-05,18.161906,0,0,0,0,0,0,2132226
averageOIS,2034-05-05,18.244098,0,0,0,0,0,0,2132226
averageOIS,2034-06-05,18.329029,0,0,0,0,0,0,2132226
averageOIS,2034-07-05,18.411221,0,0,0,0,0,0,2132226
averageOIS,2034-08-07,18.501632,0,0,0,0,0,0,2132226
averageOIS,2034-09-05,18.581084,0,0,0,0,0,0,2132226
averageOIS,2034-10-05,18.663276,0,0,0,0,0,0,2132226
averageOIS,2034-11-06,18.750947,0,0,0,0,0,0,2132226
averageOIS,2034-12-05,18.830399,0,0,0,0,0,0,2132226
averageOIS,2035-01-05,18.915330,0,0,0,0,0,0,2132226
averageOIS,2035-02-05,19.000262,0,0,0,0,0,0,2132226
averageOIS,2035-03-05,19.076974,0,0,0,0,0,0,2132226
averageOIS,2035-04-05,19.161906,0,0,0,0,0,0,2132226
averageOIS,2035-05-08,19.252317,0,0,0,0,0,0,2132226
averageOIS,2035-06-05,19.329029,0,0,0,0,0,0,2132226
averageOIS,2035-07-05,19.411221,0,0,0,0,0,0,2132226
averageOIS,2035-08-06,19.498892,0,0,0,0,0,0,2132226
averageOIS,2035-09-05,19.581084,0,0,0,0,0,0,2132226
averageOIS,2035-10-05,19.663276,0,0,0,0,0,0,2132226
averageOIS,2035-11-05,19.748207,0,0,0,0,0,0,2132226
averageOIS,2035-12-05,19.830399,0,0,0,0,0,0,2132226
averageOIS,2036-01-07,19.920765,0,0,0,0,0,0,2132226
averageOIS,2036-02-05,20.000000,0,0,0,0,0,0,2132226
averageOIS,2036-03-05,20.079235,0,0,0,0,0,0,2132226
