#TradeId,NettingSetId,CVA,DVA,FBA,FCA,FBAexOwnSP,FCAexOwnSP,FBAexAllSP,FCAexAllSP,COLVA,MVA,OurKVACCR,TheirKVACCR,OurKVACVA,TheirKVACVA,CollateralFloor,AllocatedCVA,AllocatedDVA,AllocationMethod,BaselEPE,BaselEEPE
,CPTY_A,26973.32,0.00,0.00,-4170.96,0.00,-4504.48,0.00,-4719.78,0.00,0.00,0.00,0.00,0.00,0.00,0.00,26973.32,0.00,None,506581.93,510188.27
FXFWD_EURUSD_10Y,CPTY_A,11381.24,3453.76,1612.56,-1750.90,1789.88,-1900.96,1905.48,-1998.08,#N/A,#N/A,#N/A,#N/A,#N/A,#N/A,#N/A,0.00,0.00,None,177111.07,180093.48
FX_CALL_OPTION_EURUSD_10Y,CPTY_A,13486.66,0.00,0.00,-2085.48,0.00,-2252.24,0.00,-2359.89,#N/A,#N/A,#N/A,#N/A,#N/A,#N/A,#N/A,0.00,0.00,None,253290.97,255094.14
FX_PUT_OPTION_EURUSD_10Y,CPTY_A,4245.60,0.00,0.00,-656.85,0.00,-708.99,0.00,-742.62,#N/A,#N/A,#N/A,#N/A,#N/A,#N/A,#N/A,0.00,0.00,None,78501.46,78501.46
