{ "category": "Warning", "group": "Curve", "message": "Configuration 'collateral_eur' not known - check wyh this is used. Will retry with default configuration.", "sub_fields": [ { "name": "curveId", "value": "IndexCurve(EUR-EURIBOR-3M)" }, { "name": "exceptionType", "value": "Unknown market configuration." } ] }
{ "category": "Warning", "group": "Curve", "message": "Configuration 'collateral_eur' not known - check wyh this is used. Will retry with default configuration.", "sub_fields": [ { "name": "curveId", "value": "YieldCurve(__XCCY__-EUR)" }, { "name": "exceptionType", "value": "Unknown market configuration." } ] }
{ "category": "Warning", "group": "Curve", "message": "Configuration 'collateral_eur' not known - check wyh this is used. Will retry with default configuration.", "sub_fields": [ { "name": "curveId", "value": "DiscountCurve(EUR)" }, { "name": "exceptionType", "value": "Unknown market configuration." } ] }
{ "category": "Warning", "group": "Curve", "message": "Configuration 'collateral_eur' not known - check wyh this is used. Will retry with default configuration.", "sub_fields": [ { "name": "curveId", "value": "YieldCurve(__XCCY__-USD)" }, { "name": "exceptionType", "value": "Unknown market configuration." } ] }
{ "category": "Warning", "group": "Curve", "message": "Configuration 'collateral_eur' not known - check wyh this is used. Will retry with default configuration.", "sub_fields": [ { "name": "curveId", "value": "DiscountCurve(USD)" }, { "name": "exceptionType", "value": "Unknown market configuration." } ] }
{ "category": "Warning", "group": "Curve", "message": "Configuration 'collateral_eur' not known - check wyh this is used. Will retry with default configuration.", "sub_fields": [ { "name": "curveId", "value": "DiscountCurve(CHF)" }, { "name": "exceptionType", "value": "Unknown market configuration." } ] }
{ "category": "Warning", "group": "Curve", "message": "Configuration 'collateral_eur' not known - check wyh this is used. Will retry with default configuration.", "sub_fields": [ { "name": "curveId", "value": "DiscountCurve(GBP)" }, { "name": "exceptionType", "value": "Unknown market configuration." } ] }
{ "category": "Warning", "group": "Curve", "message": "Configuration 'collateral_eur' not known - check wyh this is used. Will retry with default configuration.", "sub_fields": [ { "name": "curveId", "value": "DiscountCurve(JPY)" }, { "name": "exceptionType", "value": "Unknown market configuration." } ] }
{ "category": "Warning", "group": "Curve", "message": "Configuration 'collateral_eur' not known - check wyh this is used. Will retry with default configuration.", "sub_fields": [ { "name": "curveId", "value": "IndexCurve(CHF-LIBOR-6M)" }, { "name": "exceptionType", "value": "Unknown market configuration." } ] }
{ "category": "Warning", "group": "Curve", "message": "Configuration 'collateral_eur' not known - check wyh this is used. Will retry with default configuration.", "sub_fields": [ { "name": "curveId", "value": "IndexCurve(EUR-EONIA)" }, { "name": "exceptionType", "value": "Unknown market configuration." } ] }
{ "category": "Warning", "group": "Curve", "message": "Configuration 'collateral_eur' not known - check wyh this is used. Will retry with default configuration.", "sub_fields": [ { "name": "curveId", "value": "IndexCurve(EUR-EURIBOR-6M)" }, { "name": "exceptionType", "value": "Unknown market configuration." } ] }
{ "category": "Warning", "group": "Curve", "message": "Configuration 'collateral_eur' not known - check wyh this is used. Will retry with default configuration.", "sub_fields": [ { "name": "curveId", "value": "IndexCurve(GBP-LIBOR-3M)" }, { "name": "exceptionType", "value": "Unknown market configuration." } ] }
{ "category": "Warning", "group": "Curve", "message": "Configuration 'collateral_eur' not known - check wyh this is used. Will retry with default configuration.", "sub_fields": [ { "name": "curveId", "value": "IndexCurve(GBP-LIBOR-6M)" }, { "name": "exceptionType", "value": "Unknown market configuration." } ] }
{ "category": "Warning", "group": "Curve", "message": "Configuration 'collateral_eur' not known - check wyh this is used. Will retry with default configuration.", "sub_fields": [ { "name": "curveId", "value": "IndexCurve(JPY-LIBOR-6M)" }, { "name": "exceptionType", "value": "Unknown market configuration." } ] }
{ "category": "Warning", "group": "Curve", "message": "Configuration 'collateral_eur' not known - check wyh this is used. Will retry with default configuration.", "sub_fields": [ { "name": "curveId", "value": "IndexCurve(USD-LIBOR-3M)" }, { "name": "exceptionType", "value": "Unknown market configuration." } ] }
{ "category": "Warning", "group": "Curve", "message": "Configuration 'collateral_eur' not known - check wyh this is used. Will retry with default configuration.", "sub_fields": [ { "name": "curveId", "value": "SwaptionVol(CHF)" }, { "name": "exceptionType", "value": "Unknown market configuration." } ] }
{ "category": "Warning", "group": "Curve", "message": "Configuration 'collateral_eur' not known - check wyh this is used. Will retry with default configuration.", "sub_fields": [ { "name": "curveId", "value": "SwaptionVol(EUR)" }, { "name": "exceptionType", "value": "Unknown market configuration." } ] }
{ "category": "Warning", "group": "Curve", "message": "Configuration 'collateral_eur' not known - check wyh this is used. Will retry with default configuration.", "sub_fields": [ { "name": "curveId", "value": "SwaptionVol(GBP)" }, { "name": "exceptionType", "value": "Unknown market configuration." } ] }
{ "category": "Warning", "group": "Curve", "message": "Configuration 'collateral_eur' not known - check wyh this is used. Will retry with default configuration.", "sub_fields": [ { "name": "curveId", "value": "SwaptionVol(JPY)" }, { "name": "exceptionType", "value": "Unknown market configuration." } ] }
{ "category": "Warning", "group": "Curve", "message": "Configuration 'collateral_eur' not known - check wyh this is used. Will retry with default configuration.", "sub_fields": [ { "name": "curveId", "value": "SwaptionVol(USD)" }, { "name": "exceptionType", "value": "Unknown market configuration." } ] }
{ "category": "Warning", "group": "Curve", "message": "Configuration 'collateral_eur' not known - check wyh this is used. Will retry with default configuration.", "sub_fields": [ { "name": "curveId", "value": "FXVol(GBPEUR)" }, { "name": "exceptionType", "value": "Unknown market configuration." } ] }
{ "category": "Warning", "group": "Curve", "message": "Configuration 'collateral_eur' not known - check wyh this is used. Will retry with default configuration.", "sub_fields": [ { "name": "curveId", "value": "FXVol(EURGBP)" }, { "name": "exceptionType", "value": "Unknown market configuration." } ] }
{ "category": "Warning", "group": "Curve", "message": "Configuration 'collateral_eur' not known - check wyh this is used. Will retry with default configuration.", "sub_fields": [ { "name": "curveId", "value": "FXVol(JPYEUR)" }, { "name": "exceptionType", "value": "Unknown market configuration." } ] }
{ "category": "Warning", "group": "Curve", "message": "Configuration 'collateral_eur' not known - check wyh this is used. Will retry with default configuration.", "sub_fields": [ { "name": "curveId", "value": "FXVol(EURJPY)" }, { "name": "exceptionType", "value": "Unknown market configuration." } ] }
{ "category": "Warning", "group": "Curve", "message": "Configuration 'collateral_eur' not known - check wyh this is used. Will retry with default configuration.", "sub_fields": [ { "name": "curveId", "value": "FXVol(USDEUR)" }, { "name": "exceptionType", "value": "Unknown market configuration." } ] }
{ "category": "Warning", "group": "Curve", "message": "Configuration 'collateral_eur' not known - check wyh this is used. Will retry with default configuration.", "sub_fields": [ { "name": "curveId", "value": "FXVol(EURUSD)" }, { "name": "exceptionType", "value": "Unknown market configuration." } ] }
{ "category": "Warning", "group": "Curve", "message": "Configuration 'collateral_eur' not known - check wyh this is used. Will retry with default configuration.", "sub_fields": [ { "name": "curveId", "value": "FXVol(CHFEUR)" }, { "name": "exceptionType", "value": "Unknown market configuration." } ] }
{ "category": "Warning", "group": "Curve", "message": "Configuration 'collateral_eur' not known - check wyh this is used. Will retry with default configuration.", "sub_fields": [ { "name": "curveId", "value": "FXVol(EURCHF)" }, { "name": "exceptionType", "value": "Unknown market configuration." } ] }
{ "category": "Warning", "group": "Curve", "message": "Configuration 'collateral_eur' not known - check wyh this is used. Will retry with default configuration.", "sub_fields": [ { "name": "curveId", "value": "YieldCurve(BANK_EUR_BORROW)" }, { "name": "exceptionType", "value": "Unknown market configuration." } ] }
{ "category": "Warning", "group": "Curve", "message": "Configuration 'collateral_eur' not known - check wyh this is used. Will retry with default configuration.", "sub_fields": [ { "name": "curveId", "value": "YieldCurve(BANK_EUR_LEND)" }, { "name": "exceptionType", "value": "Unknown market configuration." } ] }
{ "category": "Warning", "group": "Curve", "message": "Configuration 'collateral_eur' not known - check wyh this is used. Will retry with default configuration.", "sub_fields": [ { "name": "curveId", "value": "DefaultCurve(CPTY_A)" }, { "name": "exceptionType", "value": "Unknown market configuration." } ] }
{ "category": "Warning", "group": "Curve", "message": "Configuration 'collateral_eur' not known - check wyh this is used. Will retry with default configuration.", "sub_fields": [ { "name": "curveId", "value": "Securities(CPTY_A)" }, { "name": "exceptionType", "value": "Unknown market configuration." } ] }
{ "category": "Warning", "group": "Curve", "message": "Configuration 'collateral_eur' not known - check wyh this is used. Will retry with default configuration.", "sub_fields": [ { "name": "curveId", "value": "DefaultCurve(BANK)" }, { "name": "exceptionType", "value": "Unknown market configuration." } ] }
{ "category": "Warning", "group": "Curve", "message": "Configuration 'collateral_eur' not known - check wyh this is used. Will retry with default configuration.", "sub_fields": [ { "name": "curveId", "value": "Securities(BANK)" }, { "name": "exceptionType", "value": "Unknown market configuration." } ] }
