{ "@timestamp": "2023-12-06T10:14:44.676434", "key": "Running XVA Analytic", "progress": 0, "total": 1 }
{ "@timestamp": "2023-12-06T10:14:44.677533", "key": "XVA: Build Today's Market", "progress": 0, "total": 1 }
{ "@timestamp": "2023-12-06T10:14:44.909629", "key": "XVA: Build Today's Market", "progress": 1, "total": 1 }
{ "@timestamp": "2023-12-06T10:14:44.928650", "key": "XVA: Load Cubes", "progress": 0, "total": 1 }
{ "@timestamp": "2023-12-06T10:14:44.928700", "key": "XVA: Load Cubes", "progress": 1, "total": 1 }
{ "@timestamp": "2023-12-06T10:14:44.942177", "key": "XVA: Aggregation", "progress": 0, "total": 1 }
{ "@timestamp": "2023-12-06T10:14:45.020836", "key": "XVA: Aggregation", "progress": 1, "total": 1 }
{ "@timestamp": "2023-12-06T10:14:45.020889", "key": "XVA: Reports", "progress": 0, "total": 1 }
{ "@timestamp": "2023-12-06T10:14:45.026355", "key": "XVA: Reports", "progress": 1, "total": 1 }
{ "@timestamp": "2023-12-06T10:14:45.026388", "key": "Running XVA Analytic", "progress": 1, "total": 1 }
