#TradeId,TradeType,Maturity,MaturityTime,NPV,NpvCurrency,NPV(Base),BaseCurrency,Notional,NotionalCurrency,Notional(Base),NettingSet,CounterParty
CDS,CreditDefaultSwap,2020-12-21,4.874317,-6780.608585,EUR,-6780.608585,EUR,10000000.00,EUR,10000000.00,CPTY_B,CPTY_B
