#TradeId,NettingSetId,CVA,DVA,FBA,FCA,FBAexOwnSP,FCAexOwnSP,FBAexAllSP,FCAexAllSP,COLVA,MVA,OurKVACCR,TheirKVACCR,OurKVACVA,TheirKVACVA,CollateralFloor,AllocatedCVA,AllocatedDVA,AllocationMethod,BaselEPE,BaselEEPE
,CPTY_B,4838.18,2505.96,457.47,-1027.29,474.03,-1065.01,472.65,-1115.95,0.00,0.00,0.00,0.00,0.00,0.00,0.00,4838.18,2505.96,Marginal,51727.81,51895.81
CDS,CPTY_B,4838.18,2505.96,457.47,-1027.29,474.03,-1065.01,472.65,-1115.95,#N/A,#N/A,#N/A,#N/A,#N/A,#N/A,#N/A,4838.18,2505.96,Marginal,51727.81,51895.81
