#TradeId,NettingSetId,CVA,DVA,FBA,FCA,FBAexOwnSP,FCAexOwnSP,FBAexAllSP,FCAexAllSP,COLVA,MVA,OurKVACCR,TheirKVACCR,OurKVACVA,TheirKVACVA,CollateralFloor,AllocatedCVA,AllocatedDVA,AllocationMethod,BaselEPE,BaselEEPE
,CPTY_A,10795.81,16979.41,8231.26,-1728.60,8605.27,-1806.07,8839.77,-1854.62,0.00,0.00,0.00,0.00,0.00,0.00,57604.95,10795.81,16979.41,Marginal,399169.63,417788.57
Swap_1,CPTY_A,125482.75,136535.21,65889.16,-19748.84,69770.11,-21045.34,72221.38,-21867.19,#N/A,#N/A,#N/A,#N/A,#N/A,#N/A,#N/A,13627.55,12383.33,Marginal,1419909.44,1419909.44
