#TradeId,NettingSetId,CVA,DVA,FBA,FCA,FBAexOwnSP,FCAexOwnSP,FBAexAllSP,FCAexAllSP,COLVA,MVA,OurKVACCR,TheirKVACCR,OurKVACVA,TheirKVACVA,CollateralFloor,AllocatedCVA,AllocatedDVA,AllocationMethod,BaselEPE,BaselEEPE
,CPTY_B,11467.69,0.00,0.00,-1745.28,0.00,-1915.79,0.00,-2028.41,0.00,0.00,0.00,0.00,0.00,0.00,0.00,11467.69,0.00,None,180266.79,180266.79
cap_02,CPTY_B,16768.60,0.00,0.00,-2570.40,0.00,-2800.78,0.00,-2952.07,#N/A,#N/A,#N/A,#N/A,#N/A,#N/A,#N/A,0.00,0.00,None,296775.84,296775.84
cap_03,CPTY_B,0.00,8680.90,4128.68,0.00,4428.27,0.00,4621.73,0.00,#N/A,#N/A,#N/A,#N/A,#N/A,#N/A,#N/A,0.00,0.00,None,0.00,0.00
